DROP TABLE TREMS_REKAP_REGALL_201503
           *
ERROR at line 1:
ORA-00942: table or view does not exist



SQL*Plus: Release 10.2.0.1.0 - Production on Fri Mar 6 14:42:46 2015

Copyright (c) 1982, 2005, Oracle.  All rights reserved.


Connected to:
Oracle Database 11g Enterprise Edition Release 11.2.0.3.0 - 64bit Production
With the Partitioning, Real Application Clusters, Automatic Storage Management, OLAP,
Data Mining and Real Application Testing options

SQL> SQL> "---------------gat data TREMS_REKAP_REGALL-----------------"
SQL> SQL> SQL> SQL> SQL>   2    3    4    5    6    7    8    9   10   11   12   13   14   15   16   17   18   19   20   21   22   23   24   25   26   27   28   29   30  
Table created.

SQL>   2  
Index created.

SQL>   2  
Index created.

SQL>   2  
Index created.

SQL> SQL> Disconnected from Oracle Database 11g Enterprise Edition Release 11.2.0.3.0 - 64bit Production
With the Partitioning, Real Application Clusters, Automatic Storage Management, OLAP,
Data Mining and Real Application Testing options
0

SQL*Plus: Release 10.2.0.1.0 - Production on Fri Mar 6 14:44:21 2015

Copyright (c) 1982, 2005, Oracle.  All rights reserved.


Connected to:
Oracle Database 11g Enterprise Edition Release 11.2.0.3.0 - 64bit Production
With the Partitioning, Real Application Clusters, Automatic Storage Management, OLAP,
Data Mining and Real Application Testing options

SQL> SQL> "--------------------Insert into cust_rinta------------------"
SQL> SQL> SQL> SQL> SQL>   2  
Table truncated.

SQL>   2  
Commit complete.

SQL>   2    3    4    5    6    7    8    9   10   11   12   13   14   15   16   17   18   19   20   21   22   23   24   25   26   27   28   29   30   31   32   33   34   35   36   37   38   39   40   41   42   43   44   45   46   47   48   49   50   51   52   53   54   55   56   57   58   59   60   61   62   63   64   65   66   67   68   69   70   71   72   73   74   75   76   77   78   79   80   81   82   83   84   85   86   87   88   89   90   91   92   93   94   95   96  
PL/SQL procedure successfully completed.

SQL> SQL> SQL>   2    3    4    5    6    7    8    9   10   11   12   13   14   15   16   17   18   19   20  
PL/SQL procedure successfully completed.

SQL> SQL>   2    3    4    5    6    7    8    9   10   11   12   13   14   15   16   17   18   19   20  cursor c1 is select a.ncli,a.nom from client@DBL_FBIP.REGRESS.RDBMS.DEV.US.ORACLE.COM a,
                 *
ERROR at line 2:
ORA-04052: error occurred when looking up remote object
PFBIP.CLIENT@DBL_FBIP.REGRESS.RDBMS.DEV.US.ORACLE.COM
ORA-00604: error occurred at recursive SQL level 1
ORA-01017: invalid username/password; logon denied
ORA-02063: preceding line from DBL_FBIP.REGRESS.RDBMS.DEV.US.ORACLE.COM


SQL> SQL> SQL> SQL> SQL> SQL> SQL> SQL> SQL> SQL> SQL> SQL> SQL> SQL> SQL> SQL> SQL> cursor c1 is select a.ncli,a.nom from client@DBL_FBIP.REGRESS.RDBMS.DEV.US.ORACLE.COM a,
                 *
ERROR at line 2:
ORA-04052: error occurred when looking up remote object
PFBIP.CLIENT@DBL_FBIP.REGRESS.RDBMS.DEV.US.ORACLE.COM
ORA-00604: error occurred at recursive SQL level 1
ORA-28000: the account is locked
ORA-02063: preceding line from DBL_FBIP.REGRESS.RDBMS.DEV.US.ORACLE.COM


SQL> "---------------------Update marketing fee 201503------------------"
SQL>   2    3    4    5    6    7    8    9   10   11   12   13   14   15   16   17   18   19   20   21   22   23   24   25   26   27   28   29   30   31   32   33   34   35   36   37   38   39   40   41   42   43   44   45   46   47   48   49   50   51   52   53   54   55   56   57   58   59   60   61   62   63   64   65   66   67   68   69   70   71   72   73   74   75   76   77   78   79   80   81   82   83   84   85   86   87   88   89   90   91   92   93   94   95   96   97   98   99  100  101  102  103  104  105  106  107  108  109  110  
PL/SQL procedure successfully completed.

SQL> SQL> Disconnected from Oracle Database 11g Enterprise Edition Release 11.2.0.3.0 - 64bit Production
With the Partitioning, Real Application Clusters, Automatic Storage Management, OLAP,
Data Mining and Real Application Testing options
