
SQL*Plus: Release 10.2.0.1.0 - Production on Tue Feb 24 08:42:00 2015

Copyright (c) 1982, 2005, Oracle.  All rights reserved.


Connected to:
Oracle Database 11g Enterprise Edition Release 11.2.0.3.0 - 64bit Production
With the Partitioning, Real Application Clusters, Automatic Storage Management, OLAP,
Data Mining and Real Application Testing options

SQL> SQL>   2  drop table TREMS_PAYMENT_2015
           *
ERROR at line 1:
ORA-00942: table or view does not exist


SQL>   2  drop table TREMS_PAYMENT_2015
           *
ERROR at line 1:
ORA-00942: table or view does not exist


SQL> SQL>   2    3    4    5    6    7    8    9  
Table created.

SQL>   2  
Commit complete.

SQL>   2    3  
Index created.

SQL> SQL>   2    3    4    5    6    7    8    9   10   11   12   13   14   15   16   17   18   19   20   21   22   23   24   25   26   27   28   29   30   31   32      and b.status_pembayaran is null;
    *
ERROR at line 17:
ORA-06550: line 17, column 5:
PL/SQL: ORA-00936: missing expression
ORA-06550: line 3, column 4:
PL/SQL: SQL Statement ignored


SQL> SQL> SQL> SQL>   2    3    4    5    6    7    8    9   10   11   12   13   14   15   16   17   18   19   20   21   22   23   24   25      group by a.nper,a.telp,a.payment_date;
    *
ERROR at line 6:
ORA-06550: line 6, column 5:
PL/SQL: ORA-00936: missing expression
ORA-06550: line 2, column 14:
PL/SQL: SQL Statement ignored
ORA-06550: line 17, column 41:
PL/SQL: ORA-00936: missing expression
ORA-06550: line 12, column 1:
PL/SQL: SQL Statement ignored


SQL> Disconnected from Oracle Database 11g Enterprise Edition Release 11.2.0.3.0 - 64bit Production
With the Partitioning, Real Application Clusters, Automatic Storage Management, OLAP,
Data Mining and Real Application Testing options
