
SQL*Plus: Release 10.2.0.1.0 - Production on Wed Sep 17 10:40:07 2014

Copyright (c) 1982, 2005, Oracle.  All rights reserved.


Connected to:
Oracle Database 11g Enterprise Edition Release 11.2.0.3.0 - 64bit Production
With the Partitioning, Real Application Clusters, Automatic Storage Management, OLAP,
Data Mining and Real Application Testing options

SQL> SQL>   2  
Table dropped.

SQL>   2  drop table TREMS_PAYMENT_
           *
ERROR at line 1:
ORA-00942: table or view does not exist


SQL> SQL>   2    3    4    5    6    7    8    9  
Table created.

SQL>   2  
Commit complete.

SQL>   2    3  
Index created.

SQL> SQL>   2    3    4    5    6    7    8    9   10   11   12   13   14   15   16   17   18   19   20   21   22   23   24   25   26   27   28   29   30   31      and per_fact=
    *
ERROR at line 15:
ORA-06550: line 15, column 5:
PL/SQL: ORA-00936: missing expression
ORA-06550: line 3, column 4:
PL/SQL: SQL Statement ignored


SQL> SQL> SQL> SQL>   2    3    4    5    6    7    8    9   10   11   12   13   14   15   16   17   18   19   20   21   22   23   24   25      and an_fact= and per_fact=
                 *
ERROR at line 5:
ORA-06550: line 5, column 18:
PL/SQL: ORA-00936: missing expression
ORA-06550: line 2, column 14:
PL/SQL: SQL Statement ignored
ORA-06550: line 17, column 28:
PL/SQL: ORA-00936: missing expression
ORA-06550: line 12, column 1:
PL/SQL: SQL Statement ignored


SQL> Disconnected from Oracle Database 11g Enterprise Edition Release 11.2.0.3.0 - 64bit Production
With the Partitioning, Real Application Clusters, Automatic Storage Management, OLAP,
Data Mining and Real Application Testing options

SQL*Plus: Release 10.2.0.1.0 - Production on Wed Sep 17 10:54:42 2014

Copyright (c) 1982, 2005, Oracle.  All rights reserved.


Connected to:
Oracle Database 11g Enterprise Edition Release 11.2.0.3.0 - 64bit Production
With the Partitioning, Real Application Clusters, Automatic Storage Management, OLAP,
Data Mining and Real Application Testing options

SQL> SQL>   2  
Table dropped.

SQL>   2  drop table TREMS_PAYMENT_
           *
ERROR at line 1:
ORA-00942: table or view does not exist


SQL> SQL>   2    3    4    5    6    7    8    9  
Table created.

SQL>   2  
Commit complete.

SQL>   2    3  
Index created.

SQL> SQL>   2    3    4    5    6    7    8    9   10   11   12   13   14   15   16   17   18   19   20   21   22   23   24   25   26   27   28   29   30   31      and per_fact=
    *
ERROR at line 15:
ORA-06550: line 15, column 5:
PL/SQL: ORA-00936: missing expression
ORA-06550: line 3, column 4:
PL/SQL: SQL Statement ignored


SQL> SQL> SQL> SQL>   2    3    4    5    6    7    8    9   10   11   12   13   14   15   16   17   18   19   20   21   22   23   24   25      and an_fact= and per_fact=
                 *
ERROR at line 5:
ORA-06550: line 5, column 18:
PL/SQL: ORA-00936: missing expression
ORA-06550: line 2, column 14:
PL/SQL: SQL Statement ignored
ORA-06550: line 17, column 28:
PL/SQL: ORA-00936: missing expression
ORA-06550: line 12, column 1:
PL/SQL: SQL Statement ignored


SQL> Disconnected from Oracle Database 11g Enterprise Edition Release 11.2.0.3.0 - 64bit Production
With the Partitioning, Real Application Clusters, Automatic Storage Management, OLAP,
Data Mining and Real Application Testing options

SQL*Plus: Release 10.2.0.1.0 - Production on Tue Dec 16 09:11:30 2014

Copyright (c) 1982, 2005, Oracle.  All rights reserved.


Connected to:
Oracle Database 11g Enterprise Edition Release 11.2.0.3.0 - 64bit Production
With the Partitioning, Real Application Clusters, Automatic Storage Management, OLAP,
Data Mining and Real Application Testing options

SQL> SQL>   2  drop table TREMS_PAYMENT_
           *
ERROR at line 1:
ORA-00942: table or view does not exist


SQL>   2  drop table TREMS_PAYMENT_
           *
ERROR at line 1:
ORA-00942: table or view does not exist


SQL> SQL>   2    3    4    5    6    7    8    9  
Table created.

SQL>   2  
Commit complete.

SQL>   2    3  
Index created.

SQL> SQL>   2    3    4    5    6    7    8    9   10   11   12   13   14   15   16   17   18   19   20   21   22   23   24   25   26   27   28   29   30   31   32      and per_fact=
    *
ERROR at line 16:
ORA-06550: line 16, column 5:
PL/SQL: ORA-00936: missing expression
ORA-06550: line 3, column 4:
PL/SQL: SQL Statement ignored


SQL> SQL> SQL> SQL>   2    3    4    5    6    7    8    9   10   11   12   13   14   15   16   17   18   19   20   21   22   23   24   25      and an_fact= and per_fact=
                 *
ERROR at line 5:
ORA-06550: line 5, column 18:
PL/SQL: ORA-00936: missing expression
ORA-06550: line 2, column 14:
PL/SQL: SQL Statement ignored
ORA-06550: line 17, column 28:
PL/SQL: ORA-00936: missing expression
ORA-06550: line 12, column 1:
PL/SQL: SQL Statement ignored


SQL> Disconnected from Oracle Database 11g Enterprise Edition Release 11.2.0.3.0 - 64bit Production
With the Partitioning, Real Application Clusters, Automatic Storage Management, OLAP,
Data Mining and Real Application Testing options

SQL*Plus: Release 10.2.0.1.0 - Production on Tue Dec 23 10:13:47 2014

Copyright (c) 1982, 2005, Oracle.  All rights reserved.


Connected to:
Oracle Database 11g Enterprise Edition Release 11.2.0.3.0 - 64bit Production
With the Partitioning, Real Application Clusters, Automatic Storage Management, OLAP,
Data Mining and Real Application Testing options

SQL> SQL>   2  
Table dropped.

SQL>   2  drop table TREMS_PAYMENT_
           *
ERROR at line 1:
ORA-00942: table or view does not exist


SQL> SQL>   2    3    4    5    6    7    8    9  
Table created.

SQL>   2  
Commit complete.

SQL>   2    3  
Index created.

SQL> SQL>   2    3    4    5    6    7    8    9   10   11   12   13   14   15   16   17   18   19   20   21   22   23   24   25   26   27   28   29   30   31   32      and per_fact=
    *
ERROR at line 16:
ORA-06550: line 16, column 5:
PL/SQL: ORA-00936: missing expression
ORA-06550: line 3, column 4:
PL/SQL: SQL Statement ignored


SQL> SQL> SQL> SQL>   2    3    4    5    6    7    8    9   10   11   12   13   14   15   16   17   18   19   20   21   22   23   24   25      and an_fact= and per_fact=
                 *
ERROR at line 5:
ORA-06550: line 5, column 18:
PL/SQL: ORA-00936: missing expression
ORA-06550: line 2, column 14:
PL/SQL: SQL Statement ignored
ORA-06550: line 17, column 28:
PL/SQL: ORA-00936: missing expression
ORA-06550: line 12, column 1:
PL/SQL: SQL Statement ignored


SQL> Disconnected from Oracle Database 11g Enterprise Edition Release 11.2.0.3.0 - 64bit Production
With the Partitioning, Real Application Clusters, Automatic Storage Management, OLAP,
Data Mining and Real Application Testing options

SQL*Plus: Release 10.2.0.1.0 - Production on Tue Jan 13 10:53:04 2015

Copyright (c) 1982, 2005, Oracle.  All rights reserved.


Connected to:
Oracle Database 11g Enterprise Edition Release 11.2.0.3.0 - 64bit Production
With the Partitioning, Real Application Clusters, Automatic Storage Management, OLAP,
Data Mining and Real Application Testing options

SQL> SQL>   2  
Table dropped.

SQL>   2  drop table TREMS_PAYMENT_
           *
ERROR at line 1:
ORA-00942: table or view does not exist


SQL> SQL>   2    3    4    5    6    7    8    9  
Table created.

SQL>   2  
Commit complete.

SQL>   2    3  
Index created.

SQL> SQL>   2    3    4    5    6    7    8    9   10   11   12   13   14   15   16   17   18   19   20   21   22   23   24   25   26   27   28   29   30   31   32      and per_fact=
    *
ERROR at line 16:
ORA-06550: line 16, column 5:
PL/SQL: ORA-00936: missing expression
ORA-06550: line 3, column 4:
PL/SQL: SQL Statement ignored


SQL> SQL> SQL> SQL>   2    3    4    5    6    7    8    9   10   11   12   13   14   15   16   17   18   19   20   21   22   23   24   25      and an_fact= and per_fact=
                 *
ERROR at line 5:
ORA-06550: line 5, column 18:
PL/SQL: ORA-00936: missing expression
ORA-06550: line 2, column 14:
PL/SQL: SQL Statement ignored
ORA-06550: line 17, column 28:
PL/SQL: ORA-00936: missing expression
ORA-06550: line 12, column 1:
PL/SQL: SQL Statement ignored


SQL> Disconnected from Oracle Database 11g Enterprise Edition Release 11.2.0.3.0 - 64bit Production
With the Partitioning, Real Application Clusters, Automatic Storage Management, OLAP,
Data Mining and Real Application Testing options

SQL*Plus: Release 10.2.0.1.0 - Production on Tue Jan 13 15:49:15 2015

Copyright (c) 1982, 2005, Oracle.  All rights reserved.


Connected to:
Oracle Database 11g Enterprise Edition Release 11.2.0.3.0 - 64bit Production
With the Partitioning, Real Application Clusters, Automatic Storage Management, OLAP,
Data Mining and Real Application Testing options

SQL> SQL>   2  
Table dropped.

SQL>   2  drop table TREMS_PAYMENT_
           *
ERROR at line 1:
ORA-00942: table or view does not exist


SQL> SQL>   2    3    4    5    6    7    8    9  
Table created.

SQL>   2  
Commit complete.

SQL>   2    3  
Index created.

SQL> SQL>   2    3    4    5    6    7    8    9   10   11   12   13   14   15   16   17   18   19   20   21   22   23   24   25   26   27   28   29   30   31   32      and per_fact=
    *
ERROR at line 16:
ORA-06550: line 16, column 5:
PL/SQL: ORA-00936: missing expression
ORA-06550: line 3, column 4:
PL/SQL: SQL Statement ignored


SQL> SQL> SQL> SQL>   2    3    4    5    6    7    8    9   10   11   12   13   14   15   16   17   18   19   20   21   22   23   24   25      and an_fact= and per_fact=
                 *
ERROR at line 5:
ORA-06550: line 5, column 18:
PL/SQL: ORA-00936: missing expression
ORA-06550: line 2, column 14:
PL/SQL: SQL Statement ignored
ORA-06550: line 17, column 28:
PL/SQL: ORA-00936: missing expression
ORA-06550: line 12, column 1:
PL/SQL: SQL Statement ignored


SQL> Disconnected from Oracle Database 11g Enterprise Edition Release 11.2.0.3.0 - 64bit Production
With the Partitioning, Real Application Clusters, Automatic Storage Management, OLAP,
Data Mining and Real Application Testing options

SQL*Plus: Release 10.2.0.1.0 - Production on Tue Jan 13 15:49:16 2015

Copyright (c) 1982, 2005, Oracle.  All rights reserved.


Connected to:
Oracle Database 11g Enterprise Edition Release 11.2.0.3.0 - 64bit Production
With the Partitioning, Real Application Clusters, Automatic Storage Management, OLAP,
Data Mining and Real Application Testing options

SQL> SQL>   2  
Table dropped.

SQL>   2  drop table TREMS_PAYMENT_
           *
ERROR at line 1:
ORA-00942: table or view does not exist


SQL> SQL>   2    3    4    5    6    7    8    9  
Table created.

SQL>   2  
Commit complete.

SQL>   2    3  
Index created.

SQL> SQL>   2    3    4    5    6    7    8    9   10   11   12   13   14   15   16   17   18   19   20   21   22   23   24   25   26   27   28   29   30   31   32      and per_fact=
    *
ERROR at line 16:
ORA-06550: line 16, column 5:
PL/SQL: ORA-00936: missing expression
ORA-06550: line 3, column 4:
PL/SQL: SQL Statement ignored


SQL> SQL> SQL> SQL>   2    3    4    5    6    7    8    9   10   11   12   13   14   15   16   17   18   19   20   21   22   23   24   25      and an_fact= and per_fact=
                 *
ERROR at line 5:
ORA-06550: line 5, column 18:
PL/SQL: ORA-00936: missing expression
ORA-06550: line 2, column 14:
PL/SQL: SQL Statement ignored
ORA-06550: line 17, column 28:
PL/SQL: ORA-00936: missing expression
ORA-06550: line 12, column 1:
PL/SQL: SQL Statement ignored


SQL> Disconnected from Oracle Database 11g Enterprise Edition Release 11.2.0.3.0 - 64bit Production
With the Partitioning, Real Application Clusters, Automatic Storage Management, OLAP,
Data Mining and Real Application Testing options

SQL*Plus: Release 10.2.0.1.0 - Production on Tue Jan 13 15:49:16 2015

Copyright (c) 1982, 2005, Oracle.  All rights reserved.


Connected to:
Oracle Database 11g Enterprise Edition Release 11.2.0.3.0 - 64bit Production
With the Partitioning, Real Application Clusters, Automatic Storage Management, OLAP,
Data Mining and Real Application Testing options

SQL> SQL>   2  
Table dropped.

SQL>   2  drop table TREMS_PAYMENT_
           *
ERROR at line 1:
ORA-00942: table or view does not exist


SQL> SQL>   2    3    4    5    6    7    8    9  
Table created.

SQL>   2  
Commit complete.

SQL>   2    3  
Index created.

SQL> SQL>   2    3    4    5    6    7    8    9   10   11   12   13   14   15   16   17   18   19   20   21   22   23   24   25   26   27   28   29   30   31   32      and per_fact=
    *
ERROR at line 16:
ORA-06550: line 16, column 5:
PL/SQL: ORA-00936: missing expression
ORA-06550: line 3, column 4:
PL/SQL: SQL Statement ignored


SQL> SQL> SQL> SQL>   2    3    4    5    6    7    8    9   10   11   12   13   14   15   16   17   18   19   20   21   22   23   24   25      and an_fact= and per_fact=
                 *
ERROR at line 5:
ORA-06550: line 5, column 18:
PL/SQL: ORA-00936: missing expression
ORA-06550: line 2, column 14:
PL/SQL: SQL Statement ignored
ORA-06550: line 17, column 28:
PL/SQL: ORA-00936: missing expression
ORA-06550: line 12, column 1:
PL/SQL: SQL Statement ignored


SQL> Disconnected from Oracle Database 11g Enterprise Edition Release 11.2.0.3.0 - 64bit Production
With the Partitioning, Real Application Clusters, Automatic Storage Management, OLAP,
Data Mining and Real Application Testing options

SQL*Plus: Release 10.2.0.1.0 - Production on Tue Jan 13 15:49:17 2015

Copyright (c) 1982, 2005, Oracle.  All rights reserved.


Connected to:
Oracle Database 11g Enterprise Edition Release 11.2.0.3.0 - 64bit Production
With the Partitioning, Real Application Clusters, Automatic Storage Management, OLAP,
Data Mining and Real Application Testing options

SQL> SQL>   2  
Table dropped.

SQL>   2  drop table TREMS_PAYMENT_
           *
ERROR at line 1:
ORA-00942: table or view does not exist


SQL> SQL>   2    3    4    5    6    7    8    9  
Table created.

SQL>   2  
Commit complete.

SQL>   2    3  
Index created.

SQL> SQL>   2    3    4    5    6    7    8    9   10   11   12   13   14   15   16   17   18   19   20   21   22   23   24   25   26   27   28   29   30   31   32      and per_fact=
    *
ERROR at line 16:
ORA-06550: line 16, column 5:
PL/SQL: ORA-00936: missing expression
ORA-06550: line 3, column 4:
PL/SQL: SQL Statement ignored


SQL> SQL> SQL> SQL>   2    3    4    5    6    7    8    9   10   11   12   13   14   15   16   17   18   19   20   21   22   23   24   25      and an_fact= and per_fact=
                 *
ERROR at line 5:
ORA-06550: line 5, column 18:
PL/SQL: ORA-00936: missing expression
ORA-06550: line 2, column 14:
PL/SQL: SQL Statement ignored
ORA-06550: line 17, column 28:
PL/SQL: ORA-00936: missing expression
ORA-06550: line 12, column 1:
PL/SQL: SQL Statement ignored


SQL> Disconnected from Oracle Database 11g Enterprise Edition Release 11.2.0.3.0 - 64bit Production
With the Partitioning, Real Application Clusters, Automatic Storage Management, OLAP,
Data Mining and Real Application Testing options

SQL*Plus: Release 10.2.0.1.0 - Production on Thu Jan 15 13:44:20 2015

Copyright (c) 1982, 2005, Oracle.  All rights reserved.


Connected to:
Oracle Database 11g Enterprise Edition Release 11.2.0.3.0 - 64bit Production
With the Partitioning, Real Application Clusters, Automatic Storage Management, OLAP,
Data Mining and Real Application Testing options

SQL> SQL>   2  
Table dropped.

SQL>   2  drop table TREMS_PAYMENT_
           *
ERROR at line 1:
ORA-00942: table or view does not exist


SQL> SQL>   2    3    4    5    6    7    8    9  
Table created.

SQL>   2  
Commit complete.

SQL>   2    3  
Index created.

SQL> SQL>   2    3    4    5    6    7    8    9   10   11   12   13   14   15   16   17   18   19   20   21   22   23   24   25   26   27   28   29   30   31   32      and per_fact=
    *
ERROR at line 16:
ORA-06550: line 16, column 5:
PL/SQL: ORA-00936: missing expression
ORA-06550: line 3, column 4:
PL/SQL: SQL Statement ignored


SQL> SQL> SQL> SQL>   2    3    4    5    6    7    8    9   10   11   12   13   14   15   16   17   18   19   20   21   22   23   24   25      and an_fact= and per_fact=
                 *
ERROR at line 5:
ORA-06550: line 5, column 18:
PL/SQL: ORA-00936: missing expression
ORA-06550: line 2, column 14:
PL/SQL: SQL Statement ignored
ORA-06550: line 17, column 28:
PL/SQL: ORA-00936: missing expression
ORA-06550: line 12, column 1:
PL/SQL: SQL Statement ignored


SQL> Disconnected from Oracle Database 11g Enterprise Edition Release 11.2.0.3.0 - 64bit Production
With the Partitioning, Real Application Clusters, Automatic Storage Management, OLAP,
Data Mining and Real Application Testing options

SQL*Plus: Release 10.2.0.1.0 - Production on Thu Jan 15 13:44:41 2015

Copyright (c) 1982, 2005, Oracle.  All rights reserved.


Connected to:
Oracle Database 11g Enterprise Edition Release 11.2.0.3.0 - 64bit Production
With the Partitioning, Real Application Clusters, Automatic Storage Management, OLAP,
Data Mining and Real Application Testing options

SQL> SQL>   2  
Table dropped.

SQL>   2  drop table TREMS_PAYMENT_
           *
ERROR at line 1:
ORA-00942: table or view does not exist


SQL> SQL>   2    3    4    5    6    7    8    9  
Table created.

SQL>   2  
Commit complete.

SQL>   2    3  
Index created.

SQL> SQL>   2    3    4    5    6    7    8    9   10   11   12   13   14   15   16   17   18   19   20   21   22   23   24   25   26   27   28   29   30   31   32      and per_fact=
    *
ERROR at line 16:
ORA-06550: line 16, column 5:
PL/SQL: ORA-00936: missing expression
ORA-06550: line 3, column 4:
PL/SQL: SQL Statement ignored


SQL> SQL> SQL> SQL>   2    3    4    5    6    7    8    9   10   11   12   13   14   15   16   17   18   19   20   21   22   23   24   25      and an_fact= and per_fact=
                 *
ERROR at line 5:
ORA-06550: line 5, column 18:
PL/SQL: ORA-00936: missing expression
ORA-06550: line 2, column 14:
PL/SQL: SQL Statement ignored
ORA-06550: line 17, column 28:
PL/SQL: ORA-00936: missing expression
ORA-06550: line 12, column 1:
PL/SQL: SQL Statement ignored


SQL> Disconnected from Oracle Database 11g Enterprise Edition Release 11.2.0.3.0 - 64bit Production
With the Partitioning, Real Application Clusters, Automatic Storage Management, OLAP,
Data Mining and Real Application Testing options

SQL*Plus: Release 10.2.0.1.0 - Production on Thu Jan 15 13:44:42 2015

Copyright (c) 1982, 2005, Oracle.  All rights reserved.


Connected to:
Oracle Database 11g Enterprise Edition Release 11.2.0.3.0 - 64bit Production
With the Partitioning, Real Application Clusters, Automatic Storage Management, OLAP,
Data Mining and Real Application Testing options

SQL> SQL>   2  
Table dropped.

SQL>   2  drop table TREMS_PAYMENT_
           *
ERROR at line 1:
ORA-00942: table or view does not exist


SQL> SQL>   2    3    4    5    6    7    8    9  
Table created.

SQL>   2  
Commit complete.

SQL>   2    3  
Index created.

SQL> SQL>   2    3    4    5    6    7    8    9   10   11   12   13   14   15   16   17   18   19   20   21   22   23   24   25   26   27   28   29   30   31   32      and per_fact=
    *
ERROR at line 16:
ORA-06550: line 16, column 5:
PL/SQL: ORA-00936: missing expression
ORA-06550: line 3, column 4:
PL/SQL: SQL Statement ignored


SQL> SQL> SQL> SQL>   2    3    4    5    6    7    8    9   10   11   12   13   14   15   16   17   18   19   20   21   22   23   24   25      and an_fact= and per_fact=
                 *
ERROR at line 5:
ORA-06550: line 5, column 18:
PL/SQL: ORA-00936: missing expression
ORA-06550: line 2, column 14:
PL/SQL: SQL Statement ignored
ORA-06550: line 17, column 28:
PL/SQL: ORA-00936: missing expression
ORA-06550: line 12, column 1:
PL/SQL: SQL Statement ignored


SQL> Disconnected from Oracle Database 11g Enterprise Edition Release 11.2.0.3.0 - 64bit Production
With the Partitioning, Real Application Clusters, Automatic Storage Management, OLAP,
Data Mining and Real Application Testing options

SQL*Plus: Release 10.2.0.1.0 - Production on Thu Jan 15 13:44:42 2015

Copyright (c) 1982, 2005, Oracle.  All rights reserved.


Connected to:
Oracle Database 11g Enterprise Edition Release 11.2.0.3.0 - 64bit Production
With the Partitioning, Real Application Clusters, Automatic Storage Management, OLAP,
Data Mining and Real Application Testing options

SQL> SQL>   2  
Table dropped.

SQL>   2  drop table TREMS_PAYMENT_
           *
ERROR at line 1:
ORA-00942: table or view does not exist


SQL> SQL>   2    3    4    5    6    7    8    9  
Table created.

SQL>   2  
Commit complete.

SQL>   2    3  
Index created.

SQL> SQL>   2    3    4    5    6    7    8    9   10   11   12   13   14   15   16   17   18   19   20   21   22   23   24   25   26   27   28   29   30   31   32      and per_fact=
    *
ERROR at line 16:
ORA-06550: line 16, column 5:
PL/SQL: ORA-00936: missing expression
ORA-06550: line 3, column 4:
PL/SQL: SQL Statement ignored


SQL> SQL> SQL> SQL>   2    3    4    5    6    7    8    9   10   11   12   13   14   15   16   17   18   19   20   21   22   23   24   25      and an_fact= and per_fact=
                 *
ERROR at line 5:
ORA-06550: line 5, column 18:
PL/SQL: ORA-00936: missing expression
ORA-06550: line 2, column 14:
PL/SQL: SQL Statement ignored
ORA-06550: line 17, column 28:
PL/SQL: ORA-00936: missing expression
ORA-06550: line 12, column 1:
PL/SQL: SQL Statement ignored


SQL> Disconnected from Oracle Database 11g Enterprise Edition Release 11.2.0.3.0 - 64bit Production
With the Partitioning, Real Application Clusters, Automatic Storage Management, OLAP,
Data Mining and Real Application Testing options

SQL*Plus: Release 10.2.0.1.0 - Production on Mon Jan 26 13:44:00 2015

Copyright (c) 1982, 2005, Oracle.  All rights reserved.


Connected to:
Oracle Database 11g Enterprise Edition Release 11.2.0.3.0 - 64bit Production
With the Partitioning, Real Application Clusters, Automatic Storage Management, OLAP,
Data Mining and Real Application Testing options

SQL> SQL>   2  
Table dropped.

SQL>   2  drop table TREMS_PAYMENT_
           *
ERROR at line 1:
ORA-00942: table or view does not exist


SQL> SQL>   2    3    4    5    6    7    8    9  
Table created.

SQL>   2  
Commit complete.

SQL>   2    3  
Index created.

SQL> SQL>   2    3    4    5    6    7    8    9   10   11   12   13   14   15   16   17   18   19   20   21   22   23   24   25   26   27   28   29   30   31   32      and per_fact=
    *
ERROR at line 16:
ORA-06550: line 16, column 5:
PL/SQL: ORA-00936: missing expression
ORA-06550: line 3, column 4:
PL/SQL: SQL Statement ignored


SQL> SQL> SQL> SQL>   2    3    4    5    6    7    8    9   10   11   12   13   14   15   16   17   18   19   20   21   22   23   24   25      and an_fact= and per_fact=
                 *
ERROR at line 5:
ORA-06550: line 5, column 18:
PL/SQL: ORA-00936: missing expression
ORA-06550: line 2, column 14:
PL/SQL: SQL Statement ignored
ORA-06550: line 17, column 28:
PL/SQL: ORA-00936: missing expression
ORA-06550: line 12, column 1:
PL/SQL: SQL Statement ignored


SQL> Disconnected from Oracle Database 11g Enterprise Edition Release 11.2.0.3.0 - 64bit Production
With the Partitioning, Real Application Clusters, Automatic Storage Management, OLAP,
Data Mining and Real Application Testing options

SQL*Plus: Release 10.2.0.1.0 - Production on Mon Feb 2 16:43:40 2015

Copyright (c) 1982, 2005, Oracle.  All rights reserved.


Connected to:
Oracle Database 11g Enterprise Edition Release 11.2.0.3.0 - 64bit Production
With the Partitioning, Real Application Clusters, Automatic Storage Management, OLAP,
Data Mining and Real Application Testing options

SQL> SQL>   2  
Table dropped.

SQL>   2  drop table TREMS_PAYMENT_
           *
ERROR at line 1:
ORA-00942: table or view does not exist


SQL> SQL>   2    3    4    5    6    7    8    9  
Table created.

SQL>   2  
Commit complete.

SQL>   2    3  
Index created.

SQL> SQL>   2    3    4    5    6    7    8    9   10   11   12   13   14   15   16   17   18   19   20   21   22   23   24   25   26   27   28   29   30   31   32      and per_fact=
    *
ERROR at line 16:
ORA-06550: line 16, column 5:
PL/SQL: ORA-00936: missing expression
ORA-06550: line 3, column 4:
PL/SQL: SQL Statement ignored


SQL> SQL> SQL> SQL>   2    3    4    5    6    7    8    9   10   11   12   13   14   15   16   17   18   19   20   21   22   23   24   25      and an_fact= and per_fact=
                 *
ERROR at line 5:
ORA-06550: line 5, column 18:
PL/SQL: ORA-00936: missing expression
ORA-06550: line 2, column 14:
PL/SQL: SQL Statement ignored
ORA-06550: line 17, column 28:
PL/SQL: ORA-00936: missing expression
ORA-06550: line 12, column 1:
PL/SQL: SQL Statement ignored


SQL> Disconnected from Oracle Database 11g Enterprise Edition Release 11.2.0.3.0 - 64bit Production
With the Partitioning, Real Application Clusters, Automatic Storage Management, OLAP,
Data Mining and Real Application Testing options

SQL*Plus: Release 10.2.0.1.0 - Production on Mon Feb 2 16:43:43 2015

Copyright (c) 1982, 2005, Oracle.  All rights reserved.


Connected to:
Oracle Database 11g Enterprise Edition Release 11.2.0.3.0 - 64bit Production
With the Partitioning, Real Application Clusters, Automatic Storage Management, OLAP,
Data Mining and Real Application Testing options

SQL> SQL>   2  
Table dropped.

SQL>   2  drop table TREMS_PAYMENT_
           *
ERROR at line 1:
ORA-00942: table or view does not exist


SQL> SQL>   2    3    4    5    6    7    8    9  
Table created.

SQL>   2  
Commit complete.

SQL>   2    3  
Index created.

SQL> SQL>   2    3    4    5    6    7    8    9   10   11   12   13   14   15   16   17   18   19   20   21   22   23   24   25   26   27   28   29   30   31   32      and per_fact=
    *
ERROR at line 16:
ORA-06550: line 16, column 5:
PL/SQL: ORA-00936: missing expression
ORA-06550: line 3, column 4:
PL/SQL: SQL Statement ignored


SQL> SQL> SQL> SQL>   2    3    4    5    6    7    8    9   10   11   12   13   14   15   16   17   18   19   20   21   22   23   24   25      and an_fact= and per_fact=
                 *
ERROR at line 5:
ORA-06550: line 5, column 18:
PL/SQL: ORA-00936: missing expression
ORA-06550: line 2, column 14:
PL/SQL: SQL Statement ignored
ORA-06550: line 17, column 28:
PL/SQL: ORA-00936: missing expression
ORA-06550: line 12, column 1:
PL/SQL: SQL Statement ignored


SQL> Disconnected from Oracle Database 11g Enterprise Edition Release 11.2.0.3.0 - 64bit Production
With the Partitioning, Real Application Clusters, Automatic Storage Management, OLAP,
Data Mining and Real Application Testing options

SQL*Plus: Release 10.2.0.1.0 - Production on Mon Feb 2 16:45:46 2015

Copyright (c) 1982, 2005, Oracle.  All rights reserved.


Connected to:
Oracle Database 11g Enterprise Edition Release 11.2.0.3.0 - 64bit Production
With the Partitioning, Real Application Clusters, Automatic Storage Management, OLAP,
Data Mining and Real Application Testing options

SQL> SQL>   2  
Table dropped.

SQL>   2  drop table TREMS_PAYMENT_
           *
ERROR at line 1:
ORA-00942: table or view does not exist


SQL> SQL>   2    3    4    5    6    7    8    9  
Table created.

SQL>   2  
Commit complete.

SQL>   2    3  
Index created.

SQL> SQL>   2    3    4    5    6    7    8    9   10   11   12   13   14   15   16   17   18   19   20   21   22   23   24   25   26   27   28   29   30   31   32      and per_fact=
    *
ERROR at line 16:
ORA-06550: line 16, column 5:
PL/SQL: ORA-00936: missing expression
ORA-06550: line 3, column 4:
PL/SQL: SQL Statement ignored


SQL> SQL> SQL> SQL>   2    3    4    5    6    7    8    9   10   11   12   13   14   15   16   17   18   19   20   21   22   23   24   25      and an_fact= and per_fact=
                 *
ERROR at line 5:
ORA-06550: line 5, column 18:
PL/SQL: ORA-00936: missing expression
ORA-06550: line 2, column 14:
PL/SQL: SQL Statement ignored
ORA-06550: line 17, column 28:
PL/SQL: ORA-00936: missing expression
ORA-06550: line 12, column 1:
PL/SQL: SQL Statement ignored


SQL> Disconnected from Oracle Database 11g Enterprise Edition Release 11.2.0.3.0 - 64bit Production
With the Partitioning, Real Application Clusters, Automatic Storage Management, OLAP,
Data Mining and Real Application Testing options

SQL*Plus: Release 10.2.0.1.0 - Production on Mon Feb 9 14:52:37 2015

Copyright (c) 1982, 2005, Oracle.  All rights reserved.


Connected to:
Oracle Database 11g Enterprise Edition Release 11.2.0.3.0 - 64bit Production
With the Partitioning, Real Application Clusters, Automatic Storage Management, OLAP,
Data Mining and Real Application Testing options

SQL> SQL>   2  
Table dropped.

SQL>   2  drop table TREMS_PAYMENT_
           *
ERROR at line 1:
ORA-00942: table or view does not exist


SQL> SQL>   2    3    4    5    6    7    8    9  
Table created.

SQL>   2  
Commit complete.

SQL>   2    3  
Index created.

SQL> SQL>   2    3    4    5    6    7    8    9   10   11   12   13   14   15   16   17   18   19   20   21   22   23   24   25   26   27   28   29   30   31   32      and per_fact=
    *
ERROR at line 16:
ORA-06550: line 16, column 5:
PL/SQL: ORA-00936: missing expression
ORA-06550: line 3, column 4:
PL/SQL: SQL Statement ignored


SQL> SQL> SQL> SQL>   2    3    4    5    6    7    8    9   10   11   12   13   14   15   16   17   18   19   20   21   22   23   24   25      and an_fact= and per_fact=
                 *
ERROR at line 5:
ORA-06550: line 5, column 18:
PL/SQL: ORA-00936: missing expression
ORA-06550: line 2, column 14:
PL/SQL: SQL Statement ignored
ORA-06550: line 17, column 28:
PL/SQL: ORA-00936: missing expression
ORA-06550: line 12, column 1:
PL/SQL: SQL Statement ignored


SQL> Disconnected from Oracle Database 11g Enterprise Edition Release 11.2.0.3.0 - 64bit Production
With the Partitioning, Real Application Clusters, Automatic Storage Management, OLAP,
Data Mining and Real Application Testing options

SQL*Plus: Release 10.2.0.1.0 - Production on Fri Feb 13 14:30:10 2015

Copyright (c) 1982, 2005, Oracle.  All rights reserved.


Connected to:
Oracle Database 11g Enterprise Edition Release 11.2.0.3.0 - 64bit Production
With the Partitioning, Real Application Clusters, Automatic Storage Management, OLAP,
Data Mining and Real Application Testing options

SQL> SQL>   2  
Table dropped.

SQL>   2  drop table TREMS_PAYMENT_
           *
ERROR at line 1:
ORA-00942: table or view does not exist


SQL> SQL>   2    3    4    5    6    7    8    9  
Table created.

SQL>   2  
Commit complete.

SQL>   2    3  
Index created.

SQL> SQL>   2    3    4    5    6    7    8    9   10   11   12   13   14   15   16   17   18   19   20   21   22   23   24   25   26   27   28   29   30   31   32      and per_fact=
    *
ERROR at line 16:
ORA-06550: line 16, column 5:
PL/SQL: ORA-00936: missing expression
ORA-06550: line 3, column 4:
PL/SQL: SQL Statement ignored


SQL> SQL> SQL> SQL>   2    3    4    5    6    7    8    9   10   11   12   13   14   15   16   17   18   19   20   21   22   23   24   25      and an_fact= and per_fact=
                 *
ERROR at line 5:
ORA-06550: line 5, column 18:
PL/SQL: ORA-00936: missing expression
ORA-06550: line 2, column 14:
PL/SQL: SQL Statement ignored
ORA-06550: line 17, column 28:
PL/SQL: ORA-00936: missing expression
ORA-06550: line 12, column 1:
PL/SQL: SQL Statement ignored


SQL> Disconnected from Oracle Database 11g Enterprise Edition Release 11.2.0.3.0 - 64bit Production
With the Partitioning, Real Application Clusters, Automatic Storage Management, OLAP,
Data Mining and Real Application Testing options

SQL*Plus: Release 10.2.0.1.0 - Production on Mon Feb 16 13:50:52 2015

Copyright (c) 1982, 2005, Oracle.  All rights reserved.


Connected to:
Oracle Database 11g Enterprise Edition Release 11.2.0.3.0 - 64bit Production
With the Partitioning, Real Application Clusters, Automatic Storage Management, OLAP,
Data Mining and Real Application Testing options

SQL> SQL>   2  
Table dropped.

SQL>   2  drop table TREMS_PAYMENT_
           *
ERROR at line 1:
ORA-00942: table or view does not exist


SQL> SQL>   2    3    4    5    6    7    8    9  
Table created.

SQL>   2  
Commit complete.

SQL>   2    3  
Index created.

SQL> SQL>   2    3    4    5    6    7    8    9   10   11   12   13   14   15   16   17   18   19   20   21   22   23   24   25   26   27   28   29   30   31   32      and per_fact=
    *
ERROR at line 16:
ORA-06550: line 16, column 5:
PL/SQL: ORA-00936: missing expression
ORA-06550: line 3, column 4:
PL/SQL: SQL Statement ignored


SQL> SQL> SQL> SQL>   2    3    4    5    6    7    8    9   10   11   12   13   14   15   16   17   18   19   20   21   22   23   24   25      and an_fact= and per_fact=
                 *
ERROR at line 5:
ORA-06550: line 5, column 18:
PL/SQL: ORA-00936: missing expression
ORA-06550: line 2, column 14:
PL/SQL: SQL Statement ignored
ORA-06550: line 17, column 28:
PL/SQL: ORA-00936: missing expression
ORA-06550: line 12, column 1:
PL/SQL: SQL Statement ignored


SQL> Disconnected from Oracle Database 11g Enterprise Edition Release 11.2.0.3.0 - 64bit Production
With the Partitioning, Real Application Clusters, Automatic Storage Management, OLAP,
Data Mining and Real Application Testing options

SQL*Plus: Release 10.2.0.1.0 - Production on Tue Feb 24 08:44:15 2015

Copyright (c) 1982, 2005, Oracle.  All rights reserved.


Connected to:
Oracle Database 11g Enterprise Edition Release 11.2.0.3.0 - 64bit Production
With the Partitioning, Real Application Clusters, Automatic Storage Management, OLAP,
Data Mining and Real Application Testing options

SQL> SQL>   2  
Table dropped.

SQL>   2  drop table TREMS_PAYMENT_
           *
ERROR at line 1:
ORA-00942: table or view does not exist


SQL> SQL>   2    3    4    5    6    7    8    9  
Table created.

SQL>   2  
Commit complete.

SQL>   2    3  
Index created.

SQL> SQL>   2    3    4    5    6    7    8    9   10   11   12   13   14   15   16   17   18   19   20   21   22   23   24   25   26   27   28   29   30   31   32      and per_fact=
    *
ERROR at line 16:
ORA-06550: line 16, column 5:
PL/SQL: ORA-00936: missing expression
ORA-06550: line 3, column 4:
PL/SQL: SQL Statement ignored


SQL> SQL> SQL> SQL>   2    3    4    5    6    7    8    9   10   11   12   13   14   15   16   17   18   19   20   21   22   23   24   25      and an_fact= and per_fact=
                 *
ERROR at line 5:
ORA-06550: line 5, column 18:
PL/SQL: ORA-00936: missing expression
ORA-06550: line 2, column 14:
PL/SQL: SQL Statement ignored
ORA-06550: line 17, column 28:
PL/SQL: ORA-00936: missing expression
ORA-06550: line 12, column 1:
PL/SQL: SQL Statement ignored


SQL> Disconnected from Oracle Database 11g Enterprise Edition Release 11.2.0.3.0 - 64bit Production
With the Partitioning, Real Application Clusters, Automatic Storage Management, OLAP,
Data Mining and Real Application Testing options

SQL*Plus: Release 10.2.0.1.0 - Production on Mon Mar 23 13:47:45 2015

Copyright (c) 1982, 2005, Oracle.  All rights reserved.


Connected to:
Oracle Database 11g Enterprise Edition Release 11.2.0.3.0 - 64bit Production
With the Partitioning, Real Application Clusters, Automatic Storage Management, OLAP,
Data Mining and Real Application Testing options

SQL> SQL>   2  
Table dropped.

SQL>   2  drop table TREMS_PAYMENT_
           *
ERROR at line 1:
ORA-00942: table or view does not exist


SQL> SQL>   2    3    4    5    6    7    8    9  
Table created.

SQL>   2  
Commit complete.

SQL>   2    3  
Index created.

SQL> SQL>   2    3    4    5    6    7    8    9   10   11   12   13   14   15   16   17   18   19   20   21   22   23   24   25   26   27   28   29   30   31   32      and per_fact=
    *
ERROR at line 16:
ORA-06550: line 16, column 5:
PL/SQL: ORA-00936: missing expression
ORA-06550: line 3, column 4:
PL/SQL: SQL Statement ignored


SQL> SQL> SQL> SQL>   2    3    4    5    6    7    8    9   10   11   12   13   14   15   16   17   18   19   20   21   22   23   24   25      and an_fact= and per_fact=
                 *
ERROR at line 5:
ORA-06550: line 5, column 18:
PL/SQL: ORA-00936: missing expression
ORA-06550: line 2, column 14:
PL/SQL: SQL Statement ignored
ORA-06550: line 17, column 28:
PL/SQL: ORA-00936: missing expression
ORA-06550: line 12, column 1:
PL/SQL: SQL Statement ignored


SQL> Disconnected from Oracle Database 11g Enterprise Edition Release 11.2.0.3.0 - 64bit Production
With the Partitioning, Real Application Clusters, Automatic Storage Management, OLAP,
Data Mining and Real Application Testing options

SQL*Plus: Release 10.2.0.1.0 - Production on Mon Mar 23 13:47:48 2015

Copyright (c) 1982, 2005, Oracle.  All rights reserved.


Connected to:
Oracle Database 11g Enterprise Edition Release 11.2.0.3.0 - 64bit Production
With the Partitioning, Real Application Clusters, Automatic Storage Management, OLAP,
Data Mining and Real Application Testing options

SQL> SQL>   2  
Table dropped.

SQL>   2  drop table TREMS_PAYMENT_
           *
ERROR at line 1:
ORA-00942: table or view does not exist


SQL> SQL>   2    3    4    5    6    7    8    9  
Table created.

SQL>   2  
Commit complete.

SQL>   2    3  
Index created.

SQL> SQL>   2    3    4    5    6    7    8    9   10   11   12   13   14   15   16   17   18   19   20   21   22   23   24   25   26   27   28   29   30   31   32      and per_fact=
    *
ERROR at line 16:
ORA-06550: line 16, column 5:
PL/SQL: ORA-00936: missing expression
ORA-06550: line 3, column 4:
PL/SQL: SQL Statement ignored


SQL> SQL> SQL> SQL>   2    3    4    5    6    7    8    9   10   11   12   13   14   15   16   17   18   19   20   21   22   23   24   25      and an_fact= and per_fact=
                 *
ERROR at line 5:
ORA-06550: line 5, column 18:
PL/SQL: ORA-00936: missing expression
ORA-06550: line 2, column 14:
PL/SQL: SQL Statement ignored
ORA-06550: line 17, column 28:
PL/SQL: ORA-00936: missing expression
ORA-06550: line 12, column 1:
PL/SQL: SQL Statement ignored


SQL> Disconnected from Oracle Database 11g Enterprise Edition Release 11.2.0.3.0 - 64bit Production
With the Partitioning, Real Application Clusters, Automatic Storage Management, OLAP,
Data Mining and Real Application Testing options

SQL*Plus: Release 10.2.0.1.0 - Production on Fri Apr 10 13:26:22 2015

Copyright (c) 1982, 2005, Oracle.  All rights reserved.


Connected to:
Oracle Database 11g Enterprise Edition Release 11.2.0.3.0 - 64bit Production
With the Partitioning, Real Application Clusters, Automatic Storage Management, OLAP,
Data Mining and Real Application Testing options

SQL> SQL>   2  
Table dropped.

SQL>   2  drop table TREMS_PAYMENT_
           *
ERROR at line 1:
ORA-00942: table or view does not exist


SQL> SQL>   2    3    4    5    6    7    8    9  
Table created.

SQL>   2  
Commit complete.

SQL>   2    3  
Index created.

SQL> SQL>   2    3    4    5    6    7    8    9   10   11   12   13   14   15   16   17   18   19   20   21   22   23   24   25   26   27   28   29   30   31   32      and per_fact=
    *
ERROR at line 16:
ORA-06550: line 16, column 5:
PL/SQL: ORA-00936: missing expression
ORA-06550: line 3, column 4:
PL/SQL: SQL Statement ignored


SQL> SQL> SQL> SQL>   2    3    4    5    6    7    8    9   10   11   12   13   14   15   16   17   18   19   20   21   22   23   24   25      and an_fact= and per_fact=
                 *
ERROR at line 5:
ORA-06550: line 5, column 18:
PL/SQL: ORA-00936: missing expression
ORA-06550: line 2, column 14:
PL/SQL: SQL Statement ignored
ORA-06550: line 17, column 28:
PL/SQL: ORA-00936: missing expression
ORA-06550: line 12, column 1:
PL/SQL: SQL Statement ignored


SQL> Disconnected from Oracle Database 11g Enterprise Edition Release 11.2.0.3.0 - 64bit Production
With the Partitioning, Real Application Clusters, Automatic Storage Management, OLAP,
Data Mining and Real Application Testing options
