201310
201309

SQL*Plus: Release 10.2.0.1.0 - Production on Thu Feb 13 14:43:02 2014

Copyright (c) 1982, 2005, Oracle.  All rights reserved.


Connected to:
Oracle Database 11g Enterprise Edition Release 11.2.0.3.0 - 64bit Production
With the Partitioning, Real Application Clusters, Automatic Storage Management, OLAP,
Data Mining and Real Application Testing options

SQL> "---------------gat data H_EXPEDITION-----------------"
SQL> SQL> SQL> SQL> SQL> SQL> SQL> SQL> SQL> SQL> SQL> SQL> SQL> SQL> SQL> SQL> SQL> SQL> SQL> SQL> SQL> SQL> SQL> SQL> SQL> SQL> SQL> SQL> SQL> SQL> SQL> SQL> SQL> SQL> SQL> SQL> SQL> SQL> SQL> SQL> SQL> SQL> SQL> SQL> SQL> SQL> SQL> SQL> SQL> SQL> SQL> SQL> SQL> SQL> SQL> SQL> SQL> SQL> SQL> SQL> SQL> SQL> SQL> SQL> SQL> SQL> SQL> SQL> SQL> SQL> SQL> SQL> SQL> SQL> SQL> SQL> SQL> SQL> SQL> SQL> SQL> SQL> SQL> SQL> SQL> SQL> SQL> SQL> SQL> SQL> SQL> SQL> SQL> SQL> SQL> SQL> SQL> SQL> SQL> SQL> SQL> SQL> SQL> SQL> SQL> SQL> SQL> SQL> SQL> SQL> SQL> SQL> SQL> SQL> SQL> SQL> SQL> SQL> SQL> SQL> SQL> SQL> SQL> SQL> SQL> SQL> SQL> SQL> SQL> SQL> SQL> SQL> SQL> SQL> SQL> SQL> SQL> SQL> SQL> SQL> SQL> SQL> SQL> SQL> SQL> SQL> SQL> SQL> SQL> SQL> SQL> SQL> SQL> SQL> SQL> SQL> SQL> SQL> SQL> SQL> SQL> SQL> SQL> SQL> SQL> SQL> SQL> SQL> SQL> SQL> SQL> SQL> SQL> SQL> SQL> SQL> SQL> SQL> SQL> SQL> SQL> SQL> SQL> SQL> SQL> SQL> SQL> SQL> SQL> SQL> SQL> SQL> SQL> SQL> SQL> SQL> SQL> SQL> SQL> SQL> SQL> SQL> SQL> SQL> SQL> SQL> SQL> SQL> SQL> SQL> SQL> SQL> SQL> SQL> SQL> SQL> SQL> SQL> SQL> SQL> SQL> SQL> SQL> SQL> SQL> SQL> SQL> SQL> SQL> SQL> SQL> SQL> SQL> SQL> SQL> SQL> SQL> SQL> SQL> SQL> SQL> SQL> SQL> SQL> SQL> SQL> SQL> SQL> SQL> SQL> SQL> SQL> SQL> SQL> SQL> SQL> SQL> SQL> SQL> SQL> SQL> SQL> SQL> SQL> SQL> SQL> SQL> SQL> SQL> SQL> SQL> SQL> SQL> SQL> SQL> SQL> SQL> SQL> SQL> SQL> SQL> SQL> SQL> SQL> SQL> SQL> SQL> SQL> SQL> SQL> SQL> SQL> SQL> SQL> SQL> SQL> SQL> SQL> SQL> SQL> SQL> SQL> SQL> SQL> SQL> SQL> SQL> SQL> SQL> SQL> SQL> SQL> SQL> SQL> SQL> SQL> SQL> SQL> SQL> SQL> SQL> SQL> SQL> SQL> SQL> SQL> SQL> SQL> SQL> SQL> SQL> SQL> SQL> SQL> SQL> SQL> SQL> SQL> SQL> SQL> SQL> SQL> SQL> SQL> SQL> SQL> SQL> SQL> SQL> SQL> SQL> SQL> SQL> SQL> SQL> SQL> SQL> SQL> SQL> SQL> SQL> SQL> SQL> SQL> SQL> SQL> SQL> SQL> SQL> SQL> SQL> SQL> SQL> SQL> SQL> SQL> SQL> SQL> SQL> SQL> SQL> SQL> SQL> SQL> SQL> SQL> SQL> SQL> SQL> SQL> SQL> SQL> SQL> SQL> SQL> SQL> SQL> SQL> SQL> SQL> SQL> SQL> SQL> SQL> SQL> SQL> SQL> SQL> SQL> SQL> SQL> SQL> SQL> SQL> SQL> SQL> SQL> SQL> SQL> SQL> SQL> SQL> SQL> SQL> SQL> SQL> SQL> SQL> SQL> SQL> SQL> SQL> SQL> SQL> SQL> SQL> SQL> SQL> SQL> SQL> SQL> SQL> SQL> SQL> SQL> SQL> SQL> SQL> SQL> SQL> SQL> SQL> SQL> SQL> SQL> SQL> SQL> SQL> SQL> SQL> SQL> SQL> SQL> SQL> SQL> SQL> SQL> SQL> SQL> SQL> SQL> SQL> SQL> SQL> SQL> SQL> SQL> SQL> SQL> SQL> SQL> SQL> SQL> SQL> SQL> SQL> SQL> SQL> SQL>   2  
SELESAI
--------------------------
13-FEBRUARY -2014 14:43:03

SQL> Disconnected from Oracle Database 11g Enterprise Edition Release 11.2.0.3.0 - 64bit Production
With the Partitioning, Real Application Clusters, Automatic Storage Management, OLAP,
Data Mining and Real Application Testing options
201310
201309

SQL*Plus: Release 10.2.0.1.0 - Production on Thu Feb 27 00:09:06 2014

Copyright (c) 1982, 2005, Oracle.  All rights reserved.


Connected to:
Oracle Database 11g Enterprise Edition Release 11.2.0.3.0 - 64bit Production
With the Partitioning, Real Application Clusters, Automatic Storage Management, OLAP,
Data Mining and Real Application Testing options

SQL> "---------------gat data H_EXPEDITION-----------------"
SQL> SQL> SQL> 
Table altered.

SQL> ALTER TABLE h_expedition DROP PARTITION period_201310
                                        *
ERROR at line 1:
ORA-02149: Specified partition does not exist


SQL>   2  alter table h_expedition add partition period_201310 VALUES LESS THAN (2013, 09)
                                       *
ERROR at line 1:
ORA-14074: partition bound must collate higher than that of the last partition


SQL>   2    3    4    5    6    7    8    9   10   11   12   13   14   15   16   17   18   19   20   21   22   23   24   25   26   27   28   29   30   31   32   33   34   35   36   37   38   39   40   41   42   43   44   45   46   47   48   49   50   51   52   53   54   55   56   declare
*
ERROR at line 1:
ORA-02149: Specified partition does not exist
ORA-06512: at line 47


SQL>   2  
Index altered.

SQL>   2  ALTER INDEX I_ND_HEX REBUILD
*
ERROR at line 1:
ORA-01013: user requested cancel of current operation



SQL> SQL> "--------------------Insert into cust_rinta------------------"
SQL>   2  ALTER TABLE cust_rinta DROP PARTITION period_201310
*
ERROR at line 1:
ORA-01013: user requested cancel of current operation



SQL>   2  alter table cust_rinta add partition period_201310 VALUES LESS THAN (2013, 09)
                                     *
ERROR at line 1:
ORA-14074: partition bound must collate higher than that of the last partition


SQL>   2    3    4    5    6    7    8    9   10   11   12   13   14   15   16   17   18   19   20   21   22   23   24   25   26   27   28   29   30   31   32   33   34   35   36   37   38   39   40   41   42   43   44   45   46   47   48   49   50   51   52   53   54   55   56   57   58   59   60   61   62   63   64   65   66   67  DECLARE
*
ERROR at line 1:
ORA-02149: Specified partition does not exist
ORA-06512: at line 3
ORA-06512: at line 23


SQL>   2  ALTER INDEX I_CPROD_1 REBUILD
*
ERROR at line 1:
ORA-01013: user requested cancel of current operation



SQL>   2  ALTER INDEX I_NC_ND_1 REBUILD
*
ERROR at line 1:
ORA-01013: user requested cancel of current operation



SQL>   2  ALTER INDEX I_ND_CRINTA_1 REBUILD
*
ERROR at line 1:
ORA-01013: user requested cancel of current operation



SQL>   2  ALTER INDEX I_NF_1 REBUILD
*
ERROR at line 1:
ORA-01013: user requested cancel of current operation



SQL> SQL> SQL> "-------------------create conso_agregat------------------"
SQL>   2  
Table dropped.

SQL>   2    3    4    5    6    7    8    9   10   11    from f_conso_agregat_bck@DBL_FBIP.REGRESS.RDBMS.DEV.US.ORACLE.COM a,dossier@DBL_FBIP.REGRESS.RDBMS.DEV.US.ORACLE.COM b,p_autocom@DBL_FBIP.REGRESS.RDBMS.DEV.US.ORACLE.COM
       *
ERROR at line 2:
ORA-00604: error occurred at recursive SQL level 1
ORA-01013: user requested cancel of current operation
ORA-02063: preceding 2 lines from DBL_FBIP.REGRESS.RDBMS.DEV.US.ORACLE.COM



SQL>   2  
Commit complete.

SQL>   2    3    h_f_conso_agregat (NCLI, NDOS)
  *
ERROR at line 2:
ORA-00942: table or view does not exist


SQL>   2  
Commit complete.

SQL> SQL> "-------------------Update Detail Tagihan--------------------"
SQL>   2    3    4    5    6    7    8    9   10   11   12   13   14   15   16   17   18   19   20   21   22   23   24   25   26   27   28   29   30   31   32   33   34   35   36   37   38   39   40   41   42   43   44   45   46   47   48   49   50   51   52   53   54   55   56   57   58   59   60   61       h_f_conso_agregat hfc
     *
ERROR at line 26:
ORA-06550: line 26, column 6:
PL/SQL: ORA-00942: table or view does not exist
ORA-06550: line 3, column 4:
PL/SQL: SQL Statement ignored
ORA-06550: line 51, column 37:
PLS-00364: loop index variable 'I' use is invalid
ORA-06550: line 51, column 37:
PL/SQL: ORA-00904: "I"."NDOS": invalid identifier
ORA-06550: line 33, column 2:
PL/SQL: SQL Statement ignored


SQL> SQL>   2  ALTER TABLE ten_usage DROP PARTITION period_201310
*
ERROR at line 1:
ORA-00604: error occurred at recursive SQL level 1
ORA-01013: user requested cancel of current operation



SQL>   2  
Commit complete.

SQL>   2  alter table ten_usage add PARTITION PERIOD_201310 VALUES ('201310')
            *
ERROR at line 1:
ORA-14312: Value '201310' already exists in partition 34


SQL>   2  
Commit complete.

SQL>   2  ALTER TABLE ten_payment DROP PARTITION period_201310
*
ERROR at line 1:
ORA-00604: error occurred at recursive SQL level 1
ORA-01013: user requested cancel of current operation



SQL>   2  
Commit complete.

SQL>   2  alter table ten_payment add  PARTITION PERIOD_201310 VALUES ('201310')
            *
ERROR at line 1:
ORA-14312: Value '201310' already exists in partition 34


SQL>   2  
Commit complete.

SQL>   2  ALTER INDEX I_ND_TPAY REBUILD
*
ERROR at line 1:
ORA-01013: user requested cancel of current operation



SQL>   2  ALTER INDEX I_TPAY REBUILD
*
ERROR at line 1:
ORA-01013: user requested cancel of current operation



SQL>   2  ALTER INDEX I_ND_TUSA REBUILD
*
ERROR at line 1:
ORA-01013: user requested cancel of current operation



SQL>   2  ALTER INDEX I_PER_TUSA REBUILD
*
ERROR at line 1:
ORA-01013: user requested cancel of current operation



SQL> "---------------------Update marketing fee 201310------------------"
SQL>   2    3    4    5    6    7    8    9   10   11   12   13   14   15   16   17   18   19   20   21   22   23   24   25   26   27   28   29   30   31   32   33   34   35   36   37   38   39   40   41   42   43   44   45   46   47   48   49   50   51   52   53   54   55   56   57   58   59   60   61   62   63   64   65   66   67   68   69   70   71   72   73   74   75   76   77   78   79   80   81   82   83   84   85   86   87   88   89   90   91   92   93   94   95   96   97   98   99  100  101  102  103  104  105  106  107  108  109  110  111  112  DECLARE
*
ERROR at line 1:
ORA-01013: user requested cancel of current operation
ORA-06512: at line 51



SQL> SQL> "----------------------insert FLEXI----------------------"
SQL>   2    3    4    5    6    7    8    9   10   11   12   13   14   15   16   17   18   19   20   21   22   23   24   25   26   27   28   29   30   31   32   33   34   35   36   37   38   39   40   41   42   43   44   45   46   47   48  DECLARE
*
ERROR at line 1:
ORA-01013: user requested cancel of current operation



SQL> "--------------------------insert into marketing fee------------------"
SQL>   2    3    4    5    6    7    8    9   10   11   12   13   14   15   16   17   18   19   20   21   22   23   24   25   26   27   28   29   30   31   32   33   34   35   36   37   38   39   40   41   42   43   44   45   46   47   48   49   50   51   52   53   54   55   56   57   58   59   60   61   62   63   64  DECLARE
*
ERROR at line 1:
ORA-01013: user requested cancel of current operation
ORA-06512: at line 29



SQL> SQL>   2  
SELESAI
--------------------------
27-FEBRUARY -2014 00:26:31

Ter-Update = 0 sst .
SQL> Disconnected from Oracle Database 11g Enterprise Edition Release 11.2.0.3.0 - 64bit Production
With the Partitioning, Real Application Clusters, Automatic Storage Management, OLAP,
Data Mining and Real Application Testing options
