201409
201410

SQL*Plus: Release 10.2.0.1.0 - Production on Mon Sep 8 09:58:25 2014

Copyright (c) 1982, 2005, Oracle.  All rights reserved.


Connected to:
Oracle Database 11g Enterprise Edition Release 11.2.0.3.0 - 64bit Production
With the Partitioning, Real Application Clusters, Automatic Storage Management, OLAP,
Data Mining and Real Application Testing options

SQL> "---------------gat data H_EXPEDITION-----------------"
SQL> SQL> SQL> ALTER TABLE h_expedition DROP PARTITION period_201409
                                        *
ERROR at line 1:
ORA-02149: Specified partition does not exist


SQL> ALTER TABLE h_expedition DROP PARTITION period_201409
                                        *
ERROR at line 1:
ORA-02149: Specified partition does not exist


SQL>   2  
Table altered.

SQL>   2    3    4    5    6    7    8    9   10   11   12   13   14   15   16   17   18   19   20   21   22   23   24   25   26   27   28   29   30   31   32   33   34   35   36   37   38   39   40   41   42   43   44   45   46   47   48   49   50   51   52   53   54   55   56  loop = 2569 ssl

PL/SQL procedure successfully completed.

SQL>   2  
Index altered.

SQL>   2  
Index altered.

SQL> SQL> "--------------------Insert into cust_rinta------------------"
SQL>   2  ALTER TABLE cust_rinta DROP PARTITION period_201409
                                      *
ERROR at line 1:
ORA-02149: Specified partition does not exist


SQL>   2  
Table altered.

SQL>   2    3    4    5    6    7    8    9   10   11   12   13   14   15   16   17   18   19   20   21   22   23   24   25   26   27   28   29   30   31   32   33   34   35   36   37   38   39   40   41   42   43   44   45   46   47   48   49   50   51   52   53   54   55   56   57   58   59   60   61   62   63   64   65   66   67  Ter-Update = 50909 sst .

PL/SQL procedure successfully completed.

SQL>   2  
Index altered.

SQL>   2  
Index altered.

SQL>   2  
Index altered.

SQL>   2  
Index altered.

SQL> SQL> SQL> "-------------------create conso_agregat------------------"
SQL>   2  
Table dropped.

SQL>   2    3    4    5    6    7    8    9   10   11  
Table created.

SQL>   2  
Commit complete.

SQL>   2    3  
Index created.

SQL>   2  
Commit complete.

SQL> SQL> "-------------------Update Detail Tagihan--------------------"
SQL>   2    3    4    5    6    7    8    9   10   11   12   13   14   15   16   17   18   19   20   21   22   23   24   25   26   27   28   29   30   31   32   33   34   35   36   37   38   39   40   41   42   43   44   45   46   47   48   49   50   51   52   53   54   55   56   57   58   59   60   61  Ter-Update = 1949358 ssl

PL/SQL procedure successfully completed.

SQL> SQL>   2  ALTER TABLE ten_usage DROP PARTITION period_201409
                                     *
ERROR at line 1:
ORA-02149: Specified partition does not exist


SQL>   2  
Commit complete.

SQL>   2  
Table altered.

SQL>   2  
Commit complete.

SQL>   2  ALTER TABLE ten_payment DROP PARTITION period_201409
                                       *
ERROR at line 1:
ORA-02149: Specified partition does not exist


SQL>   2  
Commit complete.

SQL>   2  
Table altered.

SQL>   2  
Commit complete.

SQL>   2  
Index altered.

SQL>   2  
Index altered.

SQL>   2  
Index altered.

SQL>   2  
Index altered.

SQL> "---------------------Update marketing fee 201409------------------"
SQL>   2    3    4    5    6    7    8    9   10   11   12   13   14   15   16   17   18   19   20   21   22   23   24   25   26   27   28   29   30   31   32   33   34   35   36   37   38   39   40   41   42   43   44   45   46   47   48   49   50   51   52   53   54   55   56   57   58   59   60   61   62   63   64   65   66   67   68   69   70   71   72   73   74   75   76   77   78   79   80   81   82   83   84   85   86   87   88   89   90   91   92   93   94   95   96   97   98   99  100  101  102  103  104  105  106  107  108  109  110  111  112  
PL/SQL procedure successfully completed.

SQL> SQL> "----------------------insert FLEXI----------------------"
SQL>   2    3    4    5    6    7    8    9   10   11   12   13   14   15   16   17   18   19   20   21   22   23   24   25   26   27   28   29   30   31   32   33   34   35   36   37   38   39   40   41   42   43   44   45   46   47   48  Ter-Update = 0 sst .

PL/SQL procedure successfully completed.

SQL> "--------------------------insert into marketing fee------------------"
SQL>   2    3    4    5    6    7    8    9   10   11   12   13   14   15   16   17   18   19   20   21   22   23   24   25   26   27   28   29   30   31   32   33   34   35   36   37   38   39   40   41   42   43   44   45   46   47   48   49   50   51   52   53   54   55   56   57   58   59   60   61   62   63   64  
PL/SQL procedure successfully completed.

SQL> SQL>   2  
SELESAI
--------------------------
08-SEPTEMBER-2014 11:51:12

SQL> Disconnected from Oracle Database 11g Enterprise Edition Release 11.2.0.3.0 - 64bit Production
With the Partitioning, Real Application Clusters, Automatic Storage Management, OLAP,
Data Mining and Real Application Testing options
