
SQL*Plus: Release 10.2.0.1.0 - Production on Mon Jan 26 09:56:49 2015

Copyright (c) 1982, 2005, Oracle.  All rights reserved.


Connected to:
Oracle Database 11g Enterprise Edition Release 11.2.0.3.0 - 64bit Production
With the Partitioning, Real Application Clusters, Automatic Storage Management, OLAP,
Data Mining and Real Application Testing options

SQL> SQL> "-------------------create conso_agregat------------------"
SQL> SQL>   2  
Table dropped.

SQL>   2    3    4    5    6    7    8    9   10  
Table created.

SQL>   2    3  
Index created.

SQL>   2  
Commit complete.

SQL>   2    3    4    5    6    7    8    9   10   11   12   13   14   15   16   17   18   19   20   21   22   23   24   25   26   27   28   29   30   31   32   33   34   35   36   37   38   39   40   41   42  	     and     per_fact=
             *
ERROR at line 29:
ORA-06550: line 29, column 14:
PL/SQL: ORA-00936: missing expression
ORA-06550: line 20, column 9:
PL/SQL: SQL Statement ignored


SQL> SQL> SQL> "-------------------Update Detail Tagihan--------------------"
SQL>   2    3    4    5    6    7    8    9   10   11   12   13   14   15   16   17   18   19   20   21   22   23   24   25   26   27   28   29   30   31   32   33   34   35   36   37   38   39   40   41   42   43   44   45   46   47   48   49   50   51   52   53   54   55   56   57   58   59   60  			      WHERE NCLI=I.NCLI AND NDOS=I.NDOS AND AN_FACT=  AND PER_FACT= ;
			                                                      *
ERROR at line 51:
ORA-06550: line 51, column 58:
PL/SQL: ORA-00936: missing expression
ORA-06550: line 33, column 2:
PL/SQL: SQL Statement ignored


SQL> SQL> ALTER TABLE ten_usage truncate PARTITION period_
                                         *
ERROR at line 1:
ORA-02149: Specified partition does not exist


SQL> ALTER TABLE ten_usage truncate PARTITION period_
                                         *
ERROR at line 1:
ORA-02149: Specified partition does not exist


SQL>   2  
Commit complete.

SQL> ALTER TABLE ten_payment truncate PARTITION period_
                                           *
ERROR at line 1:
ORA-02149: Specified partition does not exist


SQL> ALTER TABLE ten_payment truncate PARTITION period_
                                           *
ERROR at line 1:
ORA-02149: Specified partition does not exist


SQL>   2  
Commit complete.

SQL> "---------------------Update marketing fee ------------------"
SQL>   2    3    4    5    6    7    8    9   10   11   12   13   14   15   16   17   18   19   20   21   22   23   24   25   26   27   28   29   30   31   32   33   34   35   36   37   38   39   40   41   42   43   44   45   46   47   48   49   50   51   52   53   54   55   56   57   58   59   60   61   62   63   64   65   66   67   68   69   70   71   72   73   74   75   76   77   78   79   80   81   82   83   84   85   86   87   88   89   90   91   92   93   94   95   96   97   98   99  100  101  102  103  104  105  106  107  108  109  110  			    INSERT INTO TEN_USAGE(PERIOD, NCLI, NDOS, ND, CF_ID, CF_NOM) VALUES (, fs.NCLI, fs.NDOS, fs.ND, 79, fs.ABONEMEN);
                                                                                                 *
ERROR at line 61:
ORA-06550: line 61, column 98:
PL/SQL: ORA-00936: missing expression
ORA-06550: line 61, column 29:
PL/SQL: SQL Statement ignored
ORA-06550: line 63, column 98:
PL/SQL: ORA-00936: missing expression
ORA-06550: line 63, column 29:
PL/SQL: SQL Statement ignored
ORA-06550: line 65, column 94:
PL/SQL: ORA-00936: missing expression
ORA-06550: line 65, column 25:
PL/SQL: SQL Statement ignored
ORA-06550: line 66, column 94:
PL/SQL: ORA-00936: missing expression
ORA-06550: line 66, column 25:
PL/SQL: SQL Statement ignored
ORA-06550: line 67, column 94:
PL/SQL: ORA-00936: missing expression
ORA-06550: line 67, column 25:
PL/SQL: SQL Statement ignored
ORA-06550: line 68, column 94:
PL/SQL: ORA-00936: missing expression
ORA-06550: line 68, column 25:
PL/SQL: SQL Statement ignored
ORA-06550: line 69, column 94:
PL/SQL: ORA-00936: missing expression
ORA-06550: line 69, column 25:
PL/SQL: SQL Statement ignored
ORA-06550: line 70, column 94:
PL/SQL: ORA-00936: missing expression
ORA-06550: line 70, column 25:
PL/SQL: SQL S


SQL> SQL> SQL> SQL> SQL> SQL> SQL> SQL> SQL> SQL> SQL> SQL> SQL> SQL> SQL> SQL> SQL> SQL> SQL> SQL> SQL> SQL> SQL> SQL> SQL> SQL> SQL> SQL> SQL> SQL> SQL> SQL> SQL> SQL> SQL> SQL> SQL> SQL> SQL> SQL> SQL> SQL> SQL> SQL> SQL> SQL> SQL> SQL> SQL> SQL> SQL> SQL> SQL> SQL> SQL> SQL> SQL> SQL> SQL> SQL> SQL> SQL> SQL> SQL> SQL> SQL> SQL> SQL> SQL> SQL> SQL> SQL> SQL> SQL> SQL> SQL> SQL> SQL> SQL> SQL> SQL> SQL> SQL> SQL> SQL> SQL> SQL> SQL> SQL> SQL> SQL> SQL> SQL> SQL> SQL> SQL> SQL> SQL> SQL> SQL> SQL> SQL> SQL> SQL> SQL> SQL> SQL> SQL> SQL> SQL> SQL> SQL> SQL> SQL> SQL> SQL> SQL> Disconnected from Oracle Database 11g Enterprise Edition Release 11.2.0.3.0 - 64bit Production
With the Partitioning, Real Application Clusters, Automatic Storage Management, OLAP,
Data Mining and Real Application Testing options
