
SQL*Plus: Release 10.2.0.1.0 - Production on Tue Nov 11 11:40:24 2014

Copyright (c) 1982, 2005, Oracle.  All rights reserved.


Connected to:
Oracle Database 11g Enterprise Edition Release 11.2.0.3.0 - 64bit Production
With the Partitioning, Real Application Clusters, Automatic Storage Management, OLAP,
Data Mining and Real Application Testing options

SQL> "---------------gat data TREMS_REKAP_REGALL-----------------"
SQL> SQL> SQL> SQL>   2    DROP TABLE TREMS_REKAP_REGALL_201411
             *
ERROR at line 1:
ORA-00942: table or view does not exist


SQL>   2    3    4    5    6    7    8    9   10   11   12   13   14   15   16   17   18   19   20   21   22   23   24   25   26   27   28   29   30  
Table created.

SQL>   2  
Index created.

SQL>   2  
Index created.

SQL>   2  
Index created.

SQL> SQL> SQL> SQL> "--------------------Insert into cust_rinta------------------"
SQL>   2  ALTER TABLE cust_rinta DROP PARTITION period_201411
                                      *
ERROR at line 1:
ORA-02149: Specified partition does not exist


SQL>   2  alter table cust_rinta add partition period_201411 VALUES LESS THAN (2014, 10)
                                     *
ERROR at line 1:
ORA-14074: partition bound must collate higher than that of the last partition


SQL>   2    3    4    5    6    7    8    9   10   11   12   13   14   15   16   17   18   19   20   21   22   23   24   25   26   27   28   29   30   31   32   33   34   35   36   37   38   39   40   41   42   43   44   45   46   47   48   49   50   51   52   53   54   55   56   57   58   59   60   61   62   63   64   65   66   67   68   69   70   71   72   73   74   75   76   77   78   79   80   81   82   83   84   85   86   87   88   89   90   91   92   93   94   95   96  DECLARE
*
ERROR at line 1:
ORA-02149: Specified partition does not exist
ORA-06512: at line 38


SQL> SQL> SQL>   2    3    4    5    6    7    8    9   10   11   12   13   14   15   16   17   18   19   20  Ter-Update = 54894 ssl

PL/SQL procedure successfully completed.

SQL> SQL>   2    3    4    5    6    7    8    9   10   11   12   13   14   15   16   17   18   19   20  declare
*
ERROR at line 1:
ORA-02149: Specified partition does not exist
ORA-06512: at line 2
ORA-06512: at line 6


SQL> SQL> ALTER TABLE ten_usage DROP PARTITION period_201411
                                     *
ERROR at line 1:
ORA-02149: Specified partition does not exist


SQL> ALTER TABLE ten_usage DROP PARTITION period_201411
                                     *
ERROR at line 1:
ORA-02149: Specified partition does not exist


SQL>   2  
Commit complete.

SQL>   2  
Table altered.

SQL>   2  
Commit complete.

SQL> ALTER TABLE ten_payment DROP PARTITION period_201411
                                       *
ERROR at line 1:
ORA-02149: Specified partition does not exist


SQL> ALTER TABLE ten_payment DROP PARTITION period_201411
                                       *
ERROR at line 1:
ORA-02149: Specified partition does not exist


SQL>   2  
Commit complete.

SQL>   2  
Table altered.

SQL>   2  
Commit complete.

SQL> "---------------------Update marketing fee 201411------------------"
SQL>   2    3    4    5    6    7    8    9   10   11   12   13   14   15   16   17   18   19   20   21   22   23   24   25   26   27   28   29   30   31   32   33   34   35   36   37   38   39   40   41   42   43   44   45   46   47   48   49   50   51   52   53   54   55   56   57   58   59   60   61   62   63   64   65   66   67   68   69   70   71   72   73   74   75   76   77   78   79   80   81   82   83   84   85   86   87   88   89   90   91   92   93   94   95   96   97   98   99  100  101  102  103  104  105  106  107  108  109  110  DECLARE
*
ERROR at line 1:
ORA-02149: Specified partition does not exist
ORA-06512: at line 7
ORA-06512: at line 53


SQL> SQL> Disconnected from Oracle Database 11g Enterprise Edition Release 11.2.0.3.0 - 64bit Production
With the Partitioning, Real Application Clusters, Automatic Storage Management, OLAP,
Data Mining and Real Application Testing options

SQL*Plus: Release 10.2.0.1.0 - Production on Tue Nov 11 13:28:12 2014

Copyright (c) 1982, 2005, Oracle.  All rights reserved.


Connected to:
Oracle Database 11g Enterprise Edition Release 11.2.0.3.0 - 64bit Production
With the Partitioning, Real Application Clusters, Automatic Storage Management, OLAP,
Data Mining and Real Application Testing options

SQL> "---------------gat data TREMS_REKAP_REGALL-----------------"
SQL> SQL> SQL> SQL>   2  
Table dropped.

SQL>   2    3    4    5    6    7    8    9   10   11   12   13   14   15   16   17   18   19   20   21   22   23   24   25   26   27   28   29   30  
Table created.

SQL>   2  
Index created.

SQL>   2  
Index created.

SQL>   2  
Index created.

SQL> SQL> SQL> SQL> "--------------------Insert into cust_rinta------------------"
SQL>   2  ALTER TABLE cust_rinta DROP PARTITION period_201411
                                      *
ERROR at line 1:
ORA-02149: Specified partition does not exist


SQL>   2  alter table cust_rinta add partition period_201411 VALUES LESS THAN (2014, 10)
                                     *
ERROR at line 1:
ORA-14074: partition bound must collate higher than that of the last partition


SQL>   2    3    4    5    6    7    8    9   10   11   12   13   14   15   16   17   18   19   20   21   22   23   24   25   26   27   28   29   30   31   32   33   34   35   36   37   38   39   40   41   42   43   44   45   46   47   48   49   50   51   52   53   54   55   56   57   58   59   60   61   62   63   64   65   66   67   68   69   70   71   72   73   74   75   76   77   78   79   80   81   82   83   84   85   86   87   88   89   90   91   92   93   94   95   96  DECLARE
*
ERROR at line 1:
ORA-02149: Specified partition does not exist
ORA-06512: at line 38


SQL> SQL> SQL>   2    3    4    5    6    7    8    9   10   11   12   13   14   15   16   17   18   19   20  Ter-Update = 54894 ssl

PL/SQL procedure successfully completed.

SQL> SQL>   2    3    4    5    6    7    8    9   10   11   12   13   14   15   16   17   18   19   20  declare
*
ERROR at line 1:
ORA-02149: Specified partition does not exist
ORA-06512: at line 2
ORA-06512: at line 6


SQL> SQL> 
Table altered.

SQL> ALTER TABLE ten_usage DROP PARTITION period_201411
                                     *
ERROR at line 1:
ORA-02149: Specified partition does not exist


SQL>   2  
Commit complete.

SQL>   2  
Table altered.

SQL>   2  
Commit complete.

SQL> 
Table altered.

SQL> ALTER TABLE ten_payment DROP PARTITION period_201411
                                       *
ERROR at line 1:
ORA-02149: Specified partition does not exist


SQL>   2  
Commit complete.

SQL>   2  
Table altered.

SQL>   2  
Commit complete.

SQL> "---------------------Update marketing fee 201411------------------"
SQL>   2    3    4    5    6    7    8    9   10   11   12   13   14   15   16   17   18   19   20   21   22   23   24   25   26   27   28   29   30   31   32   33   34   35   36   37   38   39   40   41   42   43   44   45   46   47   48   49   50   51   52   53   54   55   56   57   58   59   60   61   62   63   64   65   66   67   68   69   70   71   72   73   74   75   76   77   78   79   80   81   82   83   84   85   86   87   88   89   90   91   92   93   94   95   96   97   98   99  100  101  102  103  104  105  106  107  108  109  110  DECLARE
*
ERROR at line 1:
ORA-02149: Specified partition does not exist
ORA-06512: at line 7
ORA-06512: at line 53


SQL> SQL> Disconnected from Oracle Database 11g Enterprise Edition Release 11.2.0.3.0 - 64bit Production
With the Partitioning, Real Application Clusters, Automatic Storage Management, OLAP,
Data Mining and Real Application Testing options
1

SQL*Plus: Release 10.2.0.1.0 - Production on Tue Dec 16 10:00:46 2014

Copyright (c) 1982, 2005, Oracle.  All rights reserved.


Connected to:
Oracle Database 11g Enterprise Edition Release 11.2.0.3.0 - 64bit Production
With the Partitioning, Real Application Clusters, Automatic Storage Management, OLAP,
Data Mining and Real Application Testing options

SQL> SQL> "--------------------Insert into cust_rinta------------------"
SQL> SQL> SQL> SQL> SQL>   2    3    4    5    6    7    8    9   10   11   12   13   14   15   16   17   18   19   20   21   22   23   24   25   26   27   28   29   30   31   32   33   34   35   36   37   38   39   40   41   42   43   44   45   46   47   48   49   50   51   52   53   54   55   56   57   58   59   60   61   62   63   64   65   66   67   68   69   70   71   72   73   74   75   76   77   78   79   80   81   82   83   84   85   86   87   88   89   90   91   92   93   94   95   96  
PL/SQL procedure successfully completed.

SQL> SQL> SQL>   2    3    4    5    6    7    8    9   10   11   12   13   14   15   16   17   18   19   20  
PL/SQL procedure successfully completed.

SQL> SQL>   2    3    4    5    6    7    8    9   10   11   12   13   14   15   16   17   18   19   20  
PL/SQL procedure successfully completed.

SQL> SQL> SQL> SQL> SQL> SQL> SQL> SQL> SQL> SQL> SQL> SQL> SQL> SQL> SQL> SQL> SQL> 
PL/SQL procedure successfully completed.

SQL> "---------------------Update marketing fee 201411------------------"
SQL>   2    3    4    5    6    7    8    9   10   11   12   13   14   15   16   17   18   19   20   21   22   23   24   25   26   27   28   29   30   31   32   33   34   35   36   37   38   39   40   41   42   43   44   45   46   47   48   49   50   51   52   53   54   55   56   57   58   59   60   61   62   63   64   65   66   67   68   69   70   71   72   73   74   75   76   77   78   79   80   81   82   83   84   85   86   87   88   89   90   91   92   93   94   95   96   97   98   99  100  101  102  103  104  105  106  107  108  109  110  
PL/SQL procedure successfully completed.

SQL> SQL> Disconnected from Oracle Database 11g Enterprise Edition Release 11.2.0.3.0 - 64bit Production
With the Partitioning, Real Application Clusters, Automatic Storage Management, OLAP,
Data Mining and Real Application Testing options
1

SQL*Plus: Release 10.2.0.1.0 - Production on Fri Dec 19 11:12:13 2014

Copyright (c) 1982, 2005, Oracle.  All rights reserved.


Connected to:
Oracle Database 11g Enterprise Edition Release 11.2.0.3.0 - 64bit Production
With the Partitioning, Real Application Clusters, Automatic Storage Management, OLAP,
Data Mining and Real Application Testing options

SQL> SQL> "--------------------Insert into cust_rinta------------------"
SQL> SQL> SQL> SQL> SQL>   2    3    4    5    6    7    8    9   10   11   12   13   14   15   16   17   18   19   20   21   22   23   24   25   26   27   28   29   30   31   32   33   34   35   36   37   38   39   40   41   42   43   44   45   46   47   48   49   50   51   52   53   54   55   56   57   58   59   60   61   62   63   64   65   66   67   68   69   70   71   72   73   74   75   76   77   78   79   80   81   82   83   84   85   86   87   88   89   90   91   92   93   94   95   96  
PL/SQL procedure successfully completed.

SQL> SQL> SQL>   2    3    4    5    6    7    8    9   10   11   12   13   14   15   16   17   18   19   20  