201403
201402

SQL*Plus: Release 10.2.0.1.0 - Production on Thu Mar 6 08:23:50 2014

Copyright (c) 1982, 2005, Oracle.  All rights reserved.


Connected to:
Oracle Database 11g Enterprise Edition Release 11.2.0.3.0 - 64bit Production
With the Partitioning, Real Application Clusters, Automatic Storage Management, OLAP,
Data Mining and Real Application Testing options

SQL> "---------------gat data H_EXPEDITION-----------------"
SQL> SQL> SQL> ALTER TABLE h_expedition DROP PARTITION period_201403
                                        *
ERROR at line 1:
ORA-02149: Specified partition does not exist


SQL> ALTER TABLE h_expedition DROP PARTITION period_201403
                                        *
ERROR at line 1:
ORA-02149: Specified partition does not exist


SQL>   2  alter table h_expedition add partition period_201403 VALUES LESS THAN (2014, 02)
                                       *
ERROR at line 1:
ORA-14074: partition bound must collate higher than that of the last partition


SQL>   2    3    4    5    6    7    8    9   10   11   12   13   14   15   16   17   18   19   20   21   22   23   24   25   26   27   28   29   30   31   32   33   34   35   36   37   38   39   40   41   42   43   44   45   46   47   48   49   50   51   52   53   54   55   56   declare
*
ERROR at line 1:
ORA-02149: Specified partition does not exist
ORA-06512: at line 47


SQL>   2  
Index altered.

SQL>   2  
Index altered.

SQL> SQL> "--------------------Insert into cust_rinta------------------"
SQL>   2  ALTER TABLE cust_rinta DROP PARTITION period_201403
                                      *
ERROR at line 1:
ORA-02149: Specified partition does not exist


SQL>   2  alter table cust_rinta add partition period_201403 VALUES LESS THAN (2014, 02)
                                     *
ERROR at line 1:
ORA-14074: partition bound must collate higher than that of the last partition


SQL>   2    3    4    5    6    7    8    9   10   11   12   13   14   15   16   17   18   19   20   21   22   23   24   25   26   27   28   29   30   31   32   33   34   35   36   37   38   39   40   41   42   43   44   45   46   47   48   49   50   51   52   53   54   55   56   57   58   59   60   61   62   63   64   65   66   67  DECLARE
*
ERROR at line 1:
ORA-02149: Specified partition does not exist
ORA-06512: at line 3
ORA-06512: at line 23


SQL>   2  
Index altered.

SQL>   2  
Index altered.

SQL>   2  
Index altered.

SQL>   2  
Index altered.

SQL> SQL> SQL> "-------------------create conso_agregat------------------"
SQL>   2  
Table dropped.

SQL>   2    3    4    5    6    7    8    9   10   11  
Table created.

SQL>   2  
Commit complete.

SQL>   2    3  
Index created.

SQL>   2  
Commit complete.

SQL> SQL> "-------------------Update Detail Tagihan--------------------"
SQL>   2    3    4    5    6    7    8    9   10   11   12   13   14   15   16   17   18   19   20   21   22   23   24   25   26   27   28   29   30   31   32   33   34   35   36   37   38   39   40   41   42   43   44   45   46   47   48   49   50   51   52   53   54   55   56   57   58   59   60   61  Ter-Update = 1996503 ssl

PL/SQL procedure successfully completed.

SQL> SQL>   2  ALTER TABLE ten_usage DROP PARTITION period_201403
                                     *
ERROR at line 1:
ORA-02149: Specified partition does not exist


SQL>   2  
Commit complete.

SQL>   2  
Table altered.

SQL>   2  
Commit complete.

SQL>   2  ALTER TABLE ten_payment DROP PARTITION period_201403
                                       *
ERROR at line 1:
ORA-02149: Specified partition does not exist


SQL>   2  
Commit complete.

SQL>   2  
Table altered.

SQL>   2  
Commit complete.

SQL>   2  
Index altered.

SQL>   2  
Index altered.

SQL>   2  
Index altered.

SQL>   2  
Index altered.

SQL> "---------------------Update marketing fee 201403------------------"
SQL>   2    3    4    5    6    7    8    9   10   11   12   13   14   15   16   17   18   19   20   21   22   23   24   25   26   27   28   29   30   31   32   33   34   35   36   37   38   39   40   41   42   43   44   45   46   47   48   49   50   51   52   53   54   55   56   57   58   59   60   61   62   63   64   65   66   67   68   69   70   71   72   73   74   75   76   77   78   79   80   81   82   83   84   85   86   87   88   89   90   91   92   93   94   95   96   97   98   99  100  101  102  103  104  105  106  107  108  109  110  111  112  DECLARE
*
ERROR at line 1:
ORA-02149: Specified partition does not exist
ORA-06512: at line 7
ORA-06512: at line 54


SQL> SQL> "----------------------insert FLEXI----------------------"
SQL>   2    3    4    5    6    7    8    9   10   11   12   13   14   15   16   17   18   19   20   21   22   23   24   25   26   27   28   29   30   31   32   33   34   35   36   37   38   39   40   41   42   43   44   45   46   47   48  		select * from odsflexi.REV_DETAIL_109_FLEXI_1403@DWHNAS_JKT
		                       *
ERROR at line 3:
ORA-06550: line 3, column 26:
PL/SQL: ORA-00942: table or view does not exist
ORA-06550: line 3, column 3:
PL/SQL: SQL Statement ignored
ORA-06550: line 37, column 6:
PLS-00364: loop index variable 'I' use is invalid
ORA-06550: line 37, column 8:
PL/SQL: ORA-00984: column not allowed here
ORA-06550: line 13, column 5:
PL/SQL: SQL Statement ignored


SQL> "--------------------------insert into marketing fee------------------"
SQL>   2    3    4    5    6    7    8    9   10   11   12   13   14   15   16   17   18   19   20   21   22   23   24   25   26   27   28   29   30   31   32   33   34   35   36   37   38   39   40   41   42   43   44   45   46   47   48   49   50   51   52   53   54   55   56   57   58   59   60   61   62   63   64  
PL/SQL procedure successfully completed.

SQL> SQL>   2  
SELESAI
--------------------------
06-MARCH    -2014 08:49:16

SQL> Disconnected from Oracle Database 11g Enterprise Edition Release 11.2.0.3.0 - 64bit Production
With the Partitioning, Real Application Clusters, Automatic Storage Management, OLAP,
Data Mining and Real Application Testing options
201403
201404

SQL*Plus: Release 10.2.0.1.0 - Production on Mon Mar 10 15:55:31 2014

Copyright (c) 1982, 2005, Oracle.  All rights reserved.


Connected to:
Oracle Database 11g Enterprise Edition Release 11.2.0.3.0 - 64bit Production
With the Partitioning, Real Application Clusters, Automatic Storage Management, OLAP,
Data Mining and Real Application Testing options

SQL> "---------------gat data H_EXPEDITION-----------------"
SQL> SQL> SQL> ALTER TABLE h_expedition DROP PARTITION period_201403
                                        *
ERROR at line 1:
ORA-02149: Specified partition does not exist


SQL> ALTER TABLE h_expedition DROP PARTITION period_201403
                                        *
ERROR at line 1:
ORA-02149: Specified partition does not exist


SQL>   2  
Table altered.

SQL>   2    3    4    5    6    7    8    9   10   11   12   13   14   15   16   17   18   19   20   21   22   23   24   25   26   27   28   29   30   31   32   33   34   35   36   37   38   39   40   41   42   43   44   45   46   47   48   49   50   51   52   53   54   55   56  loop = 2588 ssl

PL/SQL procedure successfully completed.

SQL>   2  
Index altered.

SQL>   2  
Index altered.

SQL> SQL> "--------------------Insert into cust_rinta------------------"
SQL>   2  ALTER TABLE cust_rinta DROP PARTITION period_201403
                                      *
ERROR at line 1:
ORA-02149: Specified partition does not exist


SQL>   2  
Table altered.

SQL>   2    3    4    5    6    7    8    9   10   11   12   13   14   15   16   17   18   19   20   21   22   23   24   25   26   27   28   29   30   31   32   33   34   35   36   37   38   39   40   41   42   43   44   45   46   47   48   49   50   51   52   53   54   55   56   57   58   59   60   61   62   63   64   65   66   67  Ter-Update = 51467 sst .

PL/SQL procedure successfully completed.

SQL>   2  
Index altered.

SQL>   2  
Index altered.

SQL>   2  
Index altered.

SQL>   2  
Index altered.

SQL> SQL> SQL> "-------------------create conso_agregat------------------"
SQL>   2  
Table dropped.

SQL>   2    3    4    5    6    7    8    9   10   11  
Table created.

SQL>   2  
Commit complete.

SQL>   2    3  
Index created.

SQL>   2  
Commit complete.

SQL> SQL> "-------------------Update Detail Tagihan--------------------"
SQL>   2    3    4    5    6    7    8    9   10   11   12   13   14   15   16   17   18   19   20   21   22   23   24   25   26   27   28   29   30   31   32   33   34   35   36   37   38   39   40   41   42   43   44   45   46   47   48   49   50   51   52   53   54   55   56   57   58   59   60   61  Ter-Update = 1996503 ssl

PL/SQL procedure successfully completed.

SQL> SQL>   2  
Table altered.

SQL>   2  
Commit complete.

SQL>   2  
Table altered.

SQL>   2  
Commit complete.

SQL>   2  
Table altered.

SQL>   2  
Commit complete.

SQL>   2  
Table altered.

SQL>   2  
Commit complete.

SQL>   2  
Index altered.

SQL>   2  
Index altered.

SQL>   2  
Index altered.

SQL>   2  
Index altered.

SQL> "---------------------Update marketing fee 201403------------------"
SQL>   2    3    4    5    6    7    8    9   10   11   12   13   14   15   16   17   18   19   20   21   22   23   24   25   26   27   28   29   30   31   32   33   34   35   36   37   38   39   40   41   42   43   44   45   46   47   48   49   50   51   52   53   54   55   56   57   58   59   60   61   62   63   64   65   66   67   68   69   70   71   72   73   74   75   76   77   78   79   80   81   82   83   84   85   86   87   88   89   90   91   92   93   94   95   96   97   98   99  100  101  102  103  104  105  106  107  108  109  110  111  112  
PL/SQL procedure successfully completed.

SQL> SQL> "----------------------insert FLEXI----------------------"
SQL>   2    3    4    5    6    7    8    9   10   11   12   13   14   15   16   17   18   19   20   21   22   23   24   25   26   27   28   29   30   31   32   33   34   35   36   37   38   39   40   41   42   43   44   45   46   47   48  Ter-Update = 0 sst .

PL/SQL procedure successfully completed.

SQL> "--------------------------insert into marketing fee------------------"
SQL>   2    3    4    5    6    7    8    9   10   11   12   13   14   15   16   17   18   19   20   21   22   23   24   25   26   27   28   29   30   31   32   33   34   35   36   37   38   39   40   41   42   43   44   45   46   47   48   49   50   51   52   53   54   55   56   57   58   59   60   61   62   63   64  
PL/SQL procedure successfully completed.

SQL> SQL>   2  
SELESAI
--------------------------
10-MARCH    -2014 17:13:50

SQL> Disconnected from Oracle Database 11g Enterprise Edition Release 11.2.0.3.0 - 64bit Production
With the Partitioning, Real Application Clusters, Automatic Storage Management, OLAP,
Data Mining and Real Application Testing options
