
SQL*Plus: Release 10.2.0.1.0 - Production on Tue Sep 11 08:00:28 2012

Copyright (c) 1982, 2005, Oracle.  All rights reserved.


Connected to:
Oracle Database 10g Enterprise Edition Release 10.2.0.2.0 - 64bit Production
With the Partitioning, OLAP and Data Mining options

SQL> SQL> "---------------gat data H_EXPEDITION-----------------"
SQL> SQL> SQL> SQL> SQL> SQL> SQL> SQL> SQL> SQL> SQL> SQL> SQL> SQL> SQL> SQL> SQL> SQL> SQL> SQL> SQL> SQL> SQL> SQL> SQL> SQL> SQL> SQL> SQL> SQL> SQL> SQL> SQL> SQL> SQL> SQL> SQL> SQL> SQL> SQL> SQL>   2  
JUMLAH_ROW
----------
   5280349

SQL> Disconnected from Oracle Database 10g Enterprise Edition Release 10.2.0.2.0 - 64bit Production
With the Partitioning, OLAP and Data Mining options

SQL*Plus: Release 10.2.0.1.0 - Production on Tue Sep 11 14:01:44 2012

Copyright (c) 1982, 2005, Oracle.  All rights reserved.


Connected to:
Oracle Database 10g Enterprise Edition Release 10.2.0.2.0 - 64bit Production
With the Partitioning, OLAP and Data Mining options

SQL> SQL> "---------------gat data h_f_conso_agregat-----------------"
SQL> SQL> SQL>   2  
Table truncated.

SQL>   2    3    4    5    6    7    8    9   10   11   12   13   14   15   16   17   18   19   20   21   22   23   24   25   26   27   28   29   30   31   32   33   34   35   36  
SQL*Plus: Release 10.2.0.1.0 - Production on Tue Sep 11 14:57:05 2012

Copyright (c) 1982, 2005, Oracle.  All rights reserved.


Connected to:
Oracle Database 10g Enterprise Edition Release 10.2.0.2.0 - 64bit Production
With the Partitioning, OLAP and Data Mining options

SQL> SQL> "---------------gat data h_f_conso_agregat-----------------"
SQL> SQL> SQL>   2  
Table truncated.

SQL>   2    3    4    5    6    7    8    9   10   11   12   13   14   15   16   17   18   19   20   21   22   23   24   25   26   27   28   29   30   31   32   33   34  Ter-Update = 5281 sst .

PL/SQL procedure successfully completed.

SQL> SQL>   2  
JUMLAH_ROW
----------
   5280349

SQL> Disconnected from Oracle Database 10g Enterprise Edition Release 10.2.0.2.0 - 64bit Production
With the Partitioning, OLAP and Data Mining options
ERROR:
ORA-03114: not connected to ORACLE


DECLARE
*
ERROR at line 1:
ORA-12152: TNS:unable to send break message



SQL> SQL>   2  ERROR:
ORA-03114: not connected to ORACLE


ERROR:
ORA-03114: not connected to ORACLE


SQL> Disconnected from Oracle Database 10g Enterprise Edition Release 10.2.0.2.0 - 64bit Production
With the Partitioning, OLAP and Data Mining options
